Archive member included to satisfy reference by file (symbol)

/home/zhaoxuyang/enc-db/ta_dev_kit/lib/libutils.a(stack_check.o)
                              ./ops_ta.o (__stack_chk_fail)
/home/zhaoxuyang/enc-db/ta_dev_kit/lib/libutils.a(memcpy.o)
                              ./crypto.o (memcpy)
/home/zhaoxuyang/enc-db/ta_dev_kit/lib/libutils.a(strcmp.o)
                              ./../enc_text_ops.o (strcmp)
/home/zhaoxuyang/enc-db/ta_dev_kit/lib/libutils.a(strlen.o)
                              ./crypto.o (strlen)
/home/zhaoxuyang/enc-db/ta_dev_kit/lib/libutils.a(trace.o)
                              ./ops_ta.o (trace_printf)
/home/zhaoxuyang/enc-db/ta_dev_kit/lib/libutils.a(snprintk.o)
                              /home/zhaoxuyang/enc-db/ta_dev_kit/lib/libutils.a(trace.o) (vsnprintk)
/home/zhaoxuyang/enc-db/ta_dev_kit/lib/libutils.a(memchr.o)
                              /home/zhaoxuyang/enc-db/ta_dev_kit/lib/libutils.a(snprintk.o) (memchr)
/home/zhaoxuyang/enc-db/ta_dev_kit/lib/libutee.a(assert.o)
                              ./ops_ta.o (_assert_log)
/home/zhaoxuyang/enc-db/ta_dev_kit/lib/libutee.a(trace_ext.o)
                              /home/zhaoxuyang/enc-db/ta_dev_kit/lib/libutils.a(trace.o) (trace_ext_puts)
/home/zhaoxuyang/enc-db/ta_dev_kit/lib/libutee.a(utee_syscalls_a64.o)
                              /home/zhaoxuyang/enc-db/ta_dev_kit/lib/libutee.a(assert.o) (_utee_panic)
/home/zhaoxuyang/enc-db/ta_dev_kit/lib/libutee.a(user_ta_entry.o)
                              ./user_ta_header.o (__utee_entry)
/home/zhaoxuyang/enc-db/ta_dev_kit/lib/libutee.a(abort.o)
                              /home/zhaoxuyang/enc-db/ta_dev_kit/lib/libutee.a(user_ta_entry.o) (abort)
/home/zhaoxuyang/enc-db/ta_dev_kit/lib/libutee.a(tee_api.o)
                              /home/zhaoxuyang/enc-db/ta_dev_kit/lib/libutee.a(user_ta_entry.o) (TEE_Malloc)
/home/zhaoxuyang/enc-db/ta_dev_kit/lib/libutee.a(tee_api_arith_mpi.o)
                              /home/zhaoxuyang/enc-db/ta_dev_kit/lib/libutee.a(user_ta_entry.o) (_TEE_MathAPI_Init)
/home/zhaoxuyang/enc-db/ta_dev_kit/lib/libutee.a(tee_api_panic.o)
                              /home/zhaoxuyang/enc-db/ta_dev_kit/lib/libutee.a(user_ta_entry.o) (TEE_Panic)
/home/zhaoxuyang/enc-db/ta_dev_kit/lib/libutee.a(tee_system_pta.o)
                              /home/zhaoxuyang/enc-db/ta_dev_kit/lib/libutee.a(tee_api.o) (tee_map_zi)
/home/zhaoxuyang/enc-db/ta_dev_kit/lib/libutee.a(tcb.o)
                              /home/zhaoxuyang/enc-db/ta_dev_kit/lib/libutee.a(user_ta_entry.o) (__utee_tcb_init)
/home/zhaoxuyang/enc-db/ta_dev_kit/lib/libmbedtls.a(bignum.o)
                              /home/zhaoxuyang/enc-db/ta_dev_kit/lib/libutee.a(tee_api_arith_mpi.o) (mbedtls_mpi_init_mempool)
/home/zhaoxuyang/enc-db/ta_dev_kit/lib/libmbedtls.a(gcm.o)
                              ./crypto.o (mbedtls_gcm_init)
/home/zhaoxuyang/enc-db/ta_dev_kit/lib/libmbedtls.a(platform_util.o)
                              /home/zhaoxuyang/enc-db/ta_dev_kit/lib/libmbedtls.a(bignum.o) (mbedtls_platform_zeroize)
/home/zhaoxuyang/enc-db/ta_dev_kit/lib/libmbedtls.a(cipher.o)
                              /home/zhaoxuyang/enc-db/ta_dev_kit/lib/libmbedtls.a(gcm.o) (mbedtls_cipher_info_from_values)
/home/zhaoxuyang/enc-db/ta_dev_kit/lib/libmbedtls.a(cipher_wrap.o)
                              /home/zhaoxuyang/enc-db/ta_dev_kit/lib/libmbedtls.a(cipher.o) (mbedtls_cipher_supported)
/home/zhaoxuyang/enc-db/ta_dev_kit/lib/libmbedtls.a(des.o)
                              /home/zhaoxuyang/enc-db/ta_dev_kit/lib/libmbedtls.a(cipher_wrap.o) (mbedtls_des_init)
/home/zhaoxuyang/enc-db/ta_dev_kit/lib/libmbedtls.a(aes.o)
                              /home/zhaoxuyang/enc-db/ta_dev_kit/lib/libmbedtls.a(cipher_wrap.o) (mbedtls_aes_init)
/home/zhaoxuyang/enc-db/ta_dev_kit/lib/libutils.a(bget_malloc.o)
                              /home/zhaoxuyang/enc-db/ta_dev_kit/lib/libutee.a(user_ta_entry.o) (malloc)
/home/zhaoxuyang/enc-db/ta_dev_kit/lib/libutils.a(snprintf.o)
                              /home/zhaoxuyang/enc-db/ta_dev_kit/lib/libutee.a(trace_ext.o) (vsnprintf)
/home/zhaoxuyang/enc-db/ta_dev_kit/lib/libutils.a(memcmp.o)
                              /home/zhaoxuyang/enc-db/ta_dev_kit/lib/libmbedtls.a(gcm.o) (memcmp)
/home/zhaoxuyang/enc-db/ta_dev_kit/lib/libutils.a(memmove.o)
                              /home/zhaoxuyang/enc-db/ta_dev_kit/lib/libutee.a(tee_api.o) (memmove)
/home/zhaoxuyang/enc-db/ta_dev_kit/lib/libutils.a(memset.o)
                              /home/zhaoxuyang/enc-db/ta_dev_kit/lib/libutee.a(user_ta_entry.o) (memset)
/home/zhaoxuyang/enc-db/ta_dev_kit/lib/libutils.a(mempool.o)
                              /home/zhaoxuyang/enc-db/ta_dev_kit/lib/libutee.a(tee_api_arith_mpi.o) (mempool_alloc_pool)
/home/zhaoxuyang/enc-db/ta_dev_kit/lib/libutils.a(consttime_memcmp.o)
                              /home/zhaoxuyang/enc-db/ta_dev_kit/lib/libutee.a(tee_api.o) (consttime_memcmp)

[...]
Memory Configuration

Name             Origin             Length             Attributes
*default*        0x0000000000000000 0xffffffffffffffff

Linker script and memory map


.ta_head        0x0000000000000000       0x20
 *(SORT_BY_ALIGNMENT(.ta_head))
 .ta_head       0x0000000000000000       0x20 ./user_ta_header.o
                0x0000000000000000                ta_head

.text           0x0000000000000020     0xea24
                0x0000000000000020                __text_start = .
 *(SORT_BY_ALIGNMENT(.text) SORT_BY_ALIGNMENT(.text.*))
 .text          0x0000000000000020       0xec /home/zhaoxuyang/enc-db/ta_dev_kit/lib/libutils.a(memcpy.o)
                0x0000000000000020                memcpy
 .text          0x000000000000010c      0x638 ./ops_ta.o
                0x0000000000000254                TA_CreateEntryPoint
                0x000000000000028c                TA_DestroyEntryPoint
                0x00000000000002b0                TA_OpenSessionEntryPoint
                0x0000000000000320                TA_CloseSessionEntryPoint
                0x0000000000000344                decrypt_bytes
                0x000000000000045c                encrypt_bytes
                0x0000000000000540                TA_InvokeCommandEntryPoint
 .text          0x0000000000000744      0x31c ./crypto.o
                0x0000000000000744                isgraph
                0x0000000000000754                _print_hex
                0x0000000000000884                gcm_encrypt
                0x0000000000000998                gcm_decrypt
 .text          0x0000000000000a60      0x29c ./../enc_float_ops.o
                0x0000000000000a60                enc_float32_cmp
                0x0000000000000b04                enc_float32_calc
                0x0000000000000c2c                enc_float32_bulk
 .text          0x0000000000000cfc       0x98 ./../enc_timestamp_ops.o
                0x0000000000000cfc                enc_timestamp_cmp
 .text          0x0000000000000d94      0x2e0 ./../enc_int_ops.o
                0x0000000000000d94                pow
                0x0000000000000dfc                enc_int32_calc
                0x0000000000000f0c                enc_int32_cmp
                0x0000000000000fa4                enc_int32_bulk
 .text          0x0000000000001074      0x1d0 ./../enc_ops.o
                0x0000000000001074                handle_ops
 .text          0x0000000000001244      0x424 ./../enc_text_ops.o
                0x0000000000001244                SubText
                0x0000000000001274                enc_text_cmp
                0x0000000000001350                enc_text_like
                0x000000000000147c                enc_text_concatenate
                0x0000000000001570                enc_text_substring
 .text          0x0000000000001668       0x1c ./user_ta_header.o
                0x0000000000001668                __ta_entry
                0x000000000000167c                tahead_get_trace_level
 .text          0x0000000000001684        0x4 /home/zhaoxuyang/enc-db/ta_dev_kit/lib/libutils.a(stack_check.o)
                0x0000000000001684                __stack_chk_fail
 .text          0x0000000000001688       0x24 /home/zhaoxuyang/enc-db/ta_dev_kit/lib/libutils.a(strcmp.o)
                0x0000000000001688                strcmp
 .text          0x00000000000016ac       0x1c /home/zhaoxuyang/enc-db/ta_dev_kit/lib/libutils.a(strlen.o)
                0x00000000000016ac                strlen
 .text          0x00000000000016c8      0x290 /home/zhaoxuyang/enc-db/ta_dev_kit/lib/libutils.a(trace.o)
                0x00000000000016c8                trace_set_level
                0x00000000000016e4                trace_get_level
                0x00000000000016f4                trace_vprintf
                0x00000000000018e4                trace_printf
                0x0000000000001954                dhex_dump
 .text          0x0000000000001958      0xd50 /home/zhaoxuyang/enc-db/ta_dev_kit/lib/libutils.a(snprintk.o)
                0x0000000000001958                __vsnprintf
                0x00000000000019e4                vsnprintk
                0x0000000000001a3c                snprintk
                0x000000000000265c                __vsprintf
 .text          0x00000000000026a8       0x2c /home/zhaoxuyang/enc-db/ta_dev_kit/lib/libutils.a(memchr.o)
                0x00000000000026a8                memchr
 .text          0x00000000000026d4       0x58 /home/zhaoxuyang/enc-db/ta_dev_kit/lib/libutee.a(assert.o)
                0x00000000000026d4                _assert_log
                0x0000000000002718                _assert_break
 .text          0x000000000000272c      0x174 /home/zhaoxuyang/enc-db/ta_dev_kit/lib/libutee.a(trace_ext.o)
                0x000000000000272c                trace_ext_puts
                0x0000000000002754                trace_ext_get_thread_id
                0x000000000000275c                printf
                0x0000000000002824                puts
                0x0000000000002864                putchar
 .text._utee_panic
                0x00000000000028a0        0xc /home/zhaoxuyang/enc-db/ta_dev_kit/lib/libutee.a(utee_syscalls_a64.o)
                0x00000000000028a0                _utee_panic
 .text._utee_return
                0x00000000000028ac        0xc /home/zhaoxuyang/enc-db/ta_dev_kit/lib/libutee.a(utee_syscalls_a64.o)
                0x00000000000028ac                _utee_return
 .text._utee_log
                0x00000000000028b8        0xc /home/zhaoxuyang/enc-db/ta_dev_kit/lib/libutee.a(utee_syscalls_a64.o)
                0x00000000000028b8                _utee_log
 .text.__utee_panic
                0x00000000000028c4        0xc /home/zhaoxuyang/enc-db/ta_dev_kit/lib/libutee.a(utee_syscalls_a64.o)
                0x00000000000028c4                __utee_panic
 .text._utee_get_property
                0x00000000000028d0        0xc /home/zhaoxuyang/enc-db/ta_dev_kit/lib/libutee.a(utee_syscalls_a64.o)
                0x00000000000028d0                _utee_get_property
 .text._utee_get_property_name_to_index
                0x00000000000028dc        0xc /home/zhaoxuyang/enc-db/ta_dev_kit/lib/libutee.a(utee_syscalls_a64.o)
                0x00000000000028dc                _utee_get_property_name_to_index
 .text._utee_open_ta_session
                0x00000000000028e8        0xc /home/zhaoxuyang/enc-db/ta_dev_kit/lib/libutee.a(utee_syscalls_a64.o)
                0x00000000000028e8                _utee_open_ta_session
 .text._utee_close_ta_session
                0x00000000000028f4        0xc /home/zhaoxuyang/enc-db/ta_dev_kit/lib/libutee.a(utee_syscalls_a64.o)
                0x00000000000028f4                _utee_close_ta_session
 .text._utee_invoke_ta_command
                0x0000000000002900        0xc /home/zhaoxuyang/enc-db/ta_dev_kit/lib/libutee.a(utee_syscalls_a64.o)
                0x0000000000002900                _utee_invoke_ta_command
 .text._utee_get_cancellation_flag
                0x000000000000290c        0xc /home/zhaoxuyang/enc-db/ta_dev_kit/lib/libutee.a(utee_syscalls_a64.o)
                0x000000000000290c                _utee_get_cancellation_flag
 .text._utee_check_access_rights
                0x0000000000002918        0xc /home/zhaoxuyang/enc-db/ta_dev_kit/lib/libutee.a(utee_syscalls_a64.o)
                0x0000000000002918                _utee_check_access_rights
 .text._utee_unmask_cancellation
                0x0000000000002924        0xc /home/zhaoxuyang/enc-db/ta_dev_kit/lib/libutee.a(utee_syscalls_a64.o)
                0x0000000000002924                _utee_unmask_cancellation
 .text._utee_mask_cancellation
                0x0000000000002930        0xc /home/zhaoxuyang/enc-db/ta_dev_kit/lib/libutee.a(utee_syscalls_a64.o)
                0x0000000000002930                _utee_mask_cancellation
 .text._utee_wait
                0x000000000000293c        0xc /home/zhaoxuyang/enc-db/ta_dev_kit/lib/libutee.a(utee_syscalls_a64.o)
                0x000000000000293c                _utee_wait
 .text._utee_get_time
                0x0000000000002948        0xc /home/zhaoxuyang/enc-db/ta_dev_kit/lib/libutee.a(utee_syscalls_a64.o)
                0x0000000000002948                _utee_get_time
 .text._utee_set_ta_time
                0x0000000000002954        0xc /home/zhaoxuyang/enc-db/ta_dev_kit/lib/libutee.a(utee_syscalls_a64.o)
                0x0000000000002954                _utee_set_ta_time
 .text._utee_cryp_state_alloc
                0x0000000000002960        0xc /home/zhaoxuyang/enc-db/ta_dev_kit/lib/libutee.a(utee_syscalls_a64.o)
                0x0000000000002960                _utee_cryp_state_alloc
 .text._utee_cryp_state_copy
                0x000000000000296c        0xc /home/zhaoxuyang/enc-db/ta_dev_kit/lib/libutee.a(utee_syscalls_a64.o)
                0x000000000000296c                _utee_cryp_state_copy
 .text._utee_cryp_state_free
                0x0000000000002978        0xc /home/zhaoxuyang/enc-db/ta_dev_kit/lib/libutee.a(utee_syscalls_a64.o)
                0x0000000000002978                _utee_cryp_state_free
 .text._utee_hash_init
                0x0000000000002984        0xc /home/zhaoxuyang/enc-db/ta_dev_kit/lib/libutee.a(utee_syscalls_a64.o)
                0x0000000000002984                _utee_hash_init
 .text._utee_hash_update
                0x0000000000002990        0xc /home/zhaoxuyang/enc-db/ta_dev_kit/lib/libutee.a(utee_syscalls_a64.o)
                0x0000000000002990                _utee_hash_update
 .text._utee_hash_final
                0x000000000000299c        0xc /home/zhaoxuyang/enc-db/ta_dev_kit/lib/libutee.a(utee_syscalls_a64.o)
                0x000000000000299c                _utee_hash_final
 .text._utee_cipher_init
                0x00000000000029a8        0xc /home/zhaoxuyang/enc-db/ta_dev_kit/lib/libutee.a(utee_syscalls_a64.o)
                0x00000000000029a8                _utee_cipher_init
 .text._utee_cipher_update
                0x00000000000029b4        0xc /home/zhaoxuyang/enc-db/ta_dev_kit/lib/libutee.a(utee_syscalls_a64.o)
                0x00000000000029b4                _utee_cipher_update
 .text._utee_cipher_final
                0x00000000000029c0        0xc /home/zhaoxuyang/enc-db/ta_dev_kit/lib/libutee.a(utee_syscalls_a64.o)
                0x00000000000029c0                _utee_cipher_final
 .text._utee_cryp_obj_get_info
                0x00000000000029cc        0xc /home/zhaoxuyang/enc-db/ta_dev_kit/lib/libutee.a(utee_syscalls_a64.o)
                0x00000000000029cc                _utee_cryp_obj_get_info
 .text._utee_cryp_obj_restrict_usage
                0x00000000000029d8        0xc /home/zhaoxuyang/enc-db/ta_dev_kit/lib/libutee.a(utee_syscalls_a64.o)
                0x00000000000029d8                _utee_cryp_obj_restrict_usage
 .text._utee_cryp_obj_get_attr
                0x00000000000029e4        0xc /home/zhaoxuyang/enc-db/ta_dev_kit/lib/libutee.a(utee_syscalls_a64.o)
                0x00000000000029e4                _utee_cryp_obj_get_attr
 .text._utee_cryp_obj_alloc
                0x00000000000029f0        0xc /home/zhaoxuyang/enc-db/ta_dev_kit/lib/libutee.a(utee_syscalls_a64.o)
                0x00000000000029f0                _utee_cryp_obj_alloc
 .text._utee_cryp_obj_close
                0x00000000000029fc        0xc /home/zhaoxuyang/enc-db/ta_dev_kit/lib/libutee.a(utee_syscalls_a64.o)
                0x00000000000029fc                _utee_cryp_obj_close
 .text._utee_cryp_obj_reset
                0x0000000000002a08        0xc /home/zhaoxuyang/enc-db/ta_dev_kit/lib/libutee.a(utee_syscalls_a64.o)
                0x0000000000002a08                _utee_cryp_obj_reset
 .text._utee_cryp_obj_populate
                0x0000000000002a14        0xc /home/zhaoxuyang/enc-db/ta_dev_kit/lib/libutee.a(utee_syscalls_a64.o)
                0x0000000000002a14                _utee_cryp_obj_populate
 .text._utee_cryp_obj_copy
                0x0000000000002a20        0xc /home/zhaoxuyang/enc-db/ta_dev_kit/lib/libutee.a(utee_syscalls_a64.o)
                0x0000000000002a20                _utee_cryp_obj_copy
 .text._utee_cryp_derive_key
                0x0000000000002a2c        0xc /home/zhaoxuyang/enc-db/ta_dev_kit/lib/libutee.a(utee_syscalls_a64.o)
                0x0000000000002a2c                _utee_cryp_derive_key
 .text._utee_cryp_random_number_generate
                0x0000000000002a38        0xc /home/zhaoxuyang/enc-db/ta_dev_kit/lib/libutee.a(utee_syscalls_a64.o)
                0x0000000000002a38                _utee_cryp_random_number_generate
 .text._utee_authenc_init
                0x0000000000002a44        0xc /home/zhaoxuyang/enc-db/ta_dev_kit/lib/libutee.a(utee_syscalls_a64.o)
                0x0000000000002a44                _utee_authenc_init
 .text._utee_authenc_update_aad
                0x0000000000002a50        0xc /home/zhaoxuyang/enc-db/ta_dev_kit/lib/libutee.a(utee_syscalls_a64.o)
                0x0000000000002a50                _utee_authenc_update_aad
 .text._utee_authenc_update_payload
                0x0000000000002a5c        0xc /home/zhaoxuyang/enc-db/ta_dev_kit/lib/libutee.a(utee_syscalls_a64.o)
                0x0000000000002a5c                _utee_authenc_update_payload
 .text._utee_authenc_enc_final
                0x0000000000002a68        0xc /home/zhaoxuyang/enc-db/ta_dev_kit/lib/libutee.a(utee_syscalls_a64.o)
                0x0000000000002a68                _utee_authenc_enc_final
 .text._utee_authenc_dec_final
                0x0000000000002a74        0xc /home/zhaoxuyang/enc-db/ta_dev_kit/lib/libutee.a(utee_syscalls_a64.o)
                0x0000000000002a74                _utee_authenc_dec_final
 .text._utee_asymm_operate
                0x0000000000002a80        0xc /home/zhaoxuyang/enc-db/ta_dev_kit/lib/libutee.a(utee_syscalls_a64.o)
                0x0000000000002a80                _utee_asymm_operate
 .text._utee_asymm_verify
                0x0000000000002a8c        0xc /home/zhaoxuyang/enc-db/ta_dev_kit/lib/libutee.a(utee_syscalls_a64.o)
                0x0000000000002a8c                _utee_asymm_verify
 .text._utee_storage_obj_open
                0x0000000000002a98        0xc /home/zhaoxuyang/enc-db/ta_dev_kit/lib/libutee.a(utee_syscalls_a64.o)
                0x0000000000002a98                _utee_storage_obj_open
 .text._utee_storage_obj_create
                0x0000000000002aa4        0xc /home/zhaoxuyang/enc-db/ta_dev_kit/lib/libutee.a(utee_syscalls_a64.o)
                0x0000000000002aa4                _utee_storage_obj_create
 .text._utee_storage_obj_del
                0x0000000000002ab0        0xc /home/zhaoxuyang/enc-db/ta_dev_kit/lib/libutee.a(utee_syscalls_a64.o)
                0x0000000000002ab0                _utee_storage_obj_del
 .text._utee_storage_obj_rename
                0x0000000000002abc        0xc /home/zhaoxuyang/enc-db/ta_dev_kit/lib/libutee.a(utee_syscalls_a64.o)
                0x0000000000002abc                _utee_storage_obj_rename
 .text._utee_storage_alloc_enum
                0x0000000000002ac8        0xc /home/zhaoxuyang/enc-db/ta_dev_kit/lib/libutee.a(utee_syscalls_a64.o)
                0x0000000000002ac8                _utee_storage_alloc_enum
 .text._utee_storage_free_enum
                0x0000000000002ad4        0xc /home/zhaoxuyang/enc-db/ta_dev_kit/lib/libutee.a(utee_syscalls_a64.o)
                0x0000000000002ad4                _utee_storage_free_enum
 .text._utee_storage_reset_enum
                0x0000000000002ae0        0xc /home/zhaoxuyang/enc-db/ta_dev_kit/lib/libutee.a(utee_syscalls_a64.o)
                0x0000000000002ae0                _utee_storage_reset_enum
 .text._utee_storage_start_enum
                0x0000000000002aec        0xc /home/zhaoxuyang/enc-db/ta_dev_kit/lib/libutee.a(utee_syscalls_a64.o)
                0x0000000000002aec                _utee_storage_start_enum
 .text._utee_storage_next_enum
                0x0000000000002af8        0xc /home/zhaoxuyang/enc-db/ta_dev_kit/lib/libutee.a(utee_syscalls_a64.o)
                0x0000000000002af8                _utee_storage_next_enum
 .text._utee_storage_obj_read
                0x0000000000002b04        0xc /home/zhaoxuyang/enc-db/ta_dev_kit/lib/libutee.a(utee_syscalls_a64.o)
                0x0000000000002b04                _utee_storage_obj_read
 .text._utee_storage_obj_write
                0x0000000000002b10        0xc /home/zhaoxuyang/enc-db/ta_dev_kit/lib/libutee.a(utee_syscalls_a64.o)
                0x0000000000002b10                _utee_storage_obj_write
 .text._utee_storage_obj_trunc
                0x0000000000002b1c        0xc /home/zhaoxuyang/enc-db/ta_dev_kit/lib/libutee.a(utee_syscalls_a64.o)
                0x0000000000002b1c                _utee_storage_obj_trunc
 .text._utee_storage_obj_seek
                0x0000000000002b28        0xc /home/zhaoxuyang/enc-db/ta_dev_kit/lib/libutee.a(utee_syscalls_a64.o)
                0x0000000000002b28                _utee_storage_obj_seek
 .text._utee_cryp_obj_generate_key
                0x0000000000002b34        0xc /home/zhaoxuyang/enc-db/ta_dev_kit/lib/libutee.a(utee_syscalls_a64.o)
                0x0000000000002b34                _utee_cryp_obj_generate_key
 .text._utee_cache_operation
                0x0000000000002b40        0xc /home/zhaoxuyang/enc-db/ta_dev_kit/lib/libutee.a(utee_syscalls_a64.o)
                0x0000000000002b40                _utee_cache_operation
 .text          0x0000000000002b4c      0x67c /home/zhaoxuyang/enc-db/ta_dev_kit/lib/libutee.a(user_ta_entry.o)
                0x0000000000002df4                __utee_call_elf_init_fn
                0x0000000000002f18                __utee_call_elf_fini_fn
                0x0000000000002fc0                __utee_entry
 .text.unlikely
                0x00000000000031c8       0x20 /home/zhaoxuyang/enc-db/ta_dev_kit/lib/libutee.a(abort.o)
                0x00000000000031c8                abort
 .text          0x00000000000031e8      0x750 /home/zhaoxuyang/enc-db/ta_dev_kit/lib/libutee.a(tee_api.o)
                0x0000000000003294                TEE_CloseTASession
                0x00000000000032bc                TEE_GetCancellationFlag
                0x00000000000032e8                TEE_UnmaskCancellation
                0x0000000000003314                TEE_MaskCancellation
                0x0000000000003340                TEE_CheckMemoryAccessRights
                0x0000000000003524                TEE_OpenTASession
                0x000000000000361c                TEE_InvokeTACommand
                0x0000000000003744                TEE_SetInstanceData
                0x0000000000003750                TEE_GetInstanceData
                0x000000000000375c                TEE_MemMove
                0x0000000000003764                TEE_MemCompare
                0x000000000000376c                TEE_MemFill
                0x0000000000003774                TEE_GetSystemTime
                0x000000000000379c                TEE_Wait
                0x00000000000037d8                TEE_GetTAPersistentTime
                0x000000000000384c                TEE_SetTAPersistentTime
                0x0000000000003890                TEE_GetREETime
                0x00000000000038b8                TEE_Malloc
                0x0000000000003914                TEE_Realloc
                0x000000000000391c                TEE_Free
                0x0000000000003920                TEE_CacheClean
                0x0000000000003928                TEE_CacheFlush
                0x0000000000003930                TEE_CacheInvalidate
 .text          0x0000000000003938     0x1944 /home/zhaoxuyang/enc-db/ta_dev_kit/lib/libutee.a(tee_api_arith_mpi.o)
                0x0000000000004134                _TEE_MathAPI_Init
                0x0000000000004184                TEE_BigIntInit
                0x00000000000041e8                TEE_BigIntConvertFromOctetString
                0x000000000000427c                TEE_BigIntConvertToOctetString
                0x0000000000004310                TEE_BigIntConvertFromS32
                0x0000000000004394                TEE_BigIntConvertToS32
                0x000000000000441c                TEE_BigIntCmp
                0x0000000000004484                TEE_BigIntCmpS32
                0x0000000000004668                TEE_BigIntShiftRight
                0x00000000000047d4                TEE_BigIntGetBit
                0x0000000000004820                TEE_BigIntGetBitCount
                0x0000000000004860                TEE_BigIntAdd
                0x000000000000486c                TEE_BigIntSub
                0x0000000000004878                TEE_BigIntNeg
                0x0000000000004928                TEE_BigIntMul
                0x0000000000004a10                TEE_BigIntSquare
                0x0000000000004a18                TEE_BigIntDiv
                0x0000000000004b98                TEE_BigIntMod
                0x0000000000004c04                TEE_BigIntAddMod
                0x0000000000004c10                TEE_BigIntSubMod
                0x0000000000004c1c                TEE_BigIntMulMod
                0x0000000000004c28                TEE_BigIntSquareMod
                0x0000000000004c34                TEE_BigIntInvMod
                0x0000000000004d50                TEE_BigIntRelativePrime
                0x0000000000004e24                TEE_BigIntComputeExtendedGcd
                0x0000000000005058                TEE_BigIntIsProbablePrime
                0x00000000000050a8                TEE_BigIntInitFMM
                0x00000000000050ac                TEE_BigIntInitFMMContext
                0x00000000000050b0                TEE_BigIntFMMSizeInU32
                0x00000000000050c0                TEE_BigIntFMMContextSizeInU32
                0x00000000000050c8                TEE_BigIntConvertToFMM
                0x00000000000050cc                TEE_BigIntConvertFromFMM
                0x0000000000005168                TEE_BigIntComputeFMM
 .text          0x000000000000527c      0x160 /home/zhaoxuyang/enc-db/ta_dev_kit/lib/libutee.a(tee_api_panic.o)
                0x0000000000005298                TEE_Panic
                0x00000000000052b0                __utee_check_outbuf_annotation
                0x00000000000052fc                __utee_check_instring_annotation
                0x000000000000532c                __utee_check_outstring_annotation
                0x0000000000005378                __utee_check_out_annotation
                0x0000000000005398                __utee_check_attr_in_annotation
                0x00000000000053bc                __utee_check_inout_annotation
 .text          0x00000000000053dc      0x230 /home/zhaoxuyang/enc-db/ta_dev_kit/lib/libutee.a(tee_system_pta.o)
                0x0000000000005464                tee_map_zi
                0x00000000000054c8                tee_unmap
                0x0000000000005554                tee_invoke_supp_plugin
 .text          0x000000000000560c      0x34c /home/zhaoxuyang/enc-db/ta_dev_kit/lib/libutee.a(tcb.o)
                0x000000000000560c                __utee_tcb_init
                0x000000000000584c                __tls_get_addr
                0x0000000000005868                dl_iterate_phdr
 .text          0x0000000000005958     0x3cfc /home/zhaoxuyang/enc-db/ta_dev_kit/lib/libmbedtls.a(bignum.o)
                0x0000000000005e94                mbedtls_mpi_init
                0x0000000000005ea4                mbedtls_mpi_init_mempool
                0x0000000000005ecc                mbedtls_mpi_free
                0x0000000000005f38                mbedtls_mpi_grow
                0x0000000000006020                mbedtls_mpi_shrink
                0x0000000000006140                mbedtls_mpi_copy
                0x00000000000061f4                mbedtls_mpi_swap
                0x0000000000006254                mbedtls_mpi_safe_cond_assign
                0x0000000000006314                mbedtls_mpi_safe_cond_swap
                0x00000000000063f4                mbedtls_mpi_lset
                0x000000000000645c                mbedtls_mpi_get_bit
                0x0000000000006488                mbedtls_mpi_set_bit
                0x0000000000006514                mbedtls_mpi_lsb
                0x0000000000006568                mbedtls_mpi_bitlen
                0x00000000000065c4                mbedtls_mpi_size
                0x00000000000065e0                mbedtls_mpi_read_binary_le
                0x0000000000006684                mbedtls_mpi_read_binary
                0x000000000000674c                mbedtls_mpi_write_binary_le
                0x0000000000006804                mbedtls_mpi_write_binary
                0x00000000000068c8                mbedtls_mpi_shift_l
                0x00000000000069d8                mbedtls_mpi_shift_r
                0x0000000000006a98                mbedtls_mpi_cmp_abs
                0x0000000000006b34                mbedtls_mpi_cmp_mpi
                0x0000000000006c08                mbedtls_mpi_lt_mpi_ct
                0x0000000000006cd4                mbedtls_mpi_cmp_int
                0x0000000000006d14                mbedtls_mpi_add_abs
                0x0000000000006e34                mbedtls_mpi_sub_abs
                0x0000000000006f08                mbedtls_mpi_add_mpi
                0x0000000000006f90                mbedtls_mpi_sub_mpi
                0x000000000000701c                mbedtls_mpi_add_int
                0x000000000000705c                mbedtls_mpi_sub_int
                0x000000000000709c                mbedtls_mpi_mul_mpi
                0x00000000000071e8                mbedtls_mpi_mul_int
                0x000000000000721c                mbedtls_mpi_read_string
                0x0000000000007400                mbedtls_mpi_div_mpi
                0x0000000000007900                mbedtls_mpi_div_int
                0x0000000000007940                mbedtls_mpi_mod_mpi
                0x00000000000079f4                mbedtls_mpi_mod_int
                0x0000000000007a94                mbedtls_mpi_write_string
                0x0000000000007d60                mbedtls_mpi_montg_init
                0x0000000000007d9c                mbedtls_mpi_montmul
                0x0000000000007ecc                mbedtls_mpi_montred
                0x0000000000007f0c                mbedtls_mpi_exp_mod
                0x0000000000008598                mbedtls_mpi_gcd
                0x0000000000008740                mbedtls_mpi_fill_random
                0x0000000000008a6c                mbedtls_mpi_inv_mod
                0x0000000000008e90                mbedtls_mpi_is_prime_ext
                0x0000000000008f38                mbedtls_mpi_is_prime
                0x0000000000008f48                mbedtls_mpi_gen_prime
                0x0000000000009260                mbedtls_mpi_self_test
 .text          0x0000000000009654      0xd10 /home/zhaoxuyang/enc-db/ta_dev_kit/lib/libmbedtls.a(gcm.o)
                0x000000000000976c                mbedtls_gcm_init
                0x0000000000009778                mbedtls_gcm_setkey
                0x00000000000098d0                mbedtls_gcm_starts
                0x0000000000009a9c                mbedtls_gcm_update
                0x0000000000009c00                mbedtls_gcm_finish
                0x0000000000009cd0                mbedtls_gcm_crypt_and_tag
                0x0000000000009d5c                mbedtls_gcm_auth_decrypt
                0x0000000000009e08                mbedtls_gcm_free
                0x0000000000009e38                mbedtls_gcm_self_test
 .text          0x000000000000a364       0x20 /home/zhaoxuyang/enc-db/ta_dev_kit/lib/libmbedtls.a(platform_util.o)
                0x000000000000a364                mbedtls_platform_zeroize
 .text          0x000000000000a384      0xa44 /home/zhaoxuyang/enc-db/ta_dev_kit/lib/libmbedtls.a(cipher.o)
                0x000000000000a3a4                mbedtls_cipher_list
                0x000000000000a3ec                mbedtls_cipher_info_from_type
                0x000000000000a418                mbedtls_cipher_info_from_string
                0x000000000000a474                mbedtls_cipher_info_from_values
                0x000000000000a4bc                mbedtls_cipher_init
                0x000000000000a4c8                mbedtls_cipher_free
                0x000000000000a50c                mbedtls_cipher_clone
                0x000000000000a5cc                mbedtls_cipher_setup_info
                0x000000000000a5ec                mbedtls_cipher_setkey
                0x000000000000a650                mbedtls_cipher_set_iv
                0x000000000000a6c0                mbedtls_cipher_reset
                0x000000000000a6dc                mbedtls_cipher_update_ad
                0x000000000000a718                mbedtls_cipher_update
                0x000000000000a970                mbedtls_cipher_finish
                0x000000000000aaf0                mbedtls_cipher_set_padding_mode
                0x000000000000ab30                mbedtls_cipher_setup
                0x000000000000ab98                mbedtls_cipher_write_tag
                0x000000000000abd0                mbedtls_cipher_check_tag
                0x000000000000ac70                mbedtls_cipher_crypt
                0x000000000000ad04                mbedtls_cipher_auth_encrypt
                0x000000000000ad58                mbedtls_cipher_auth_decrypt
 .text          0x000000000000adc8      0x1d8 /home/zhaoxuyang/enc-db/ta_dev_kit/lib/libmbedtls.a(cipher_wrap.o)
 .text          0x000000000000afa0     0x1438 /home/zhaoxuyang/enc-db/ta_dev_kit/lib/libmbedtls.a(des.o)
                0x000000000000afa0                mbedtls_des_init
                0x000000000000afac                mbedtls_des_free
                0x000000000000afbc                mbedtls_des3_init
                0x000000000000afc8                mbedtls_des3_free
                0x000000000000afd8                mbedtls_des_key_set_parity
                0x000000000000b004                mbedtls_des_key_check_key_parity
                0x000000000000b040                mbedtls_des_key_check_weak
                0x000000000000b0a4                mbedtls_des_setkey
                0x000000000000b58c                mbedtls_des_setkey_enc
                0x000000000000b5a4                mbedtls_des_setkey_dec
                0x000000000000b604                mbedtls_des3_set2key_enc
                0x000000000000b63c                mbedtls_des3_set2key_dec
                0x000000000000b678                mbedtls_des3_set3key_enc
                0x000000000000b6b0                mbedtls_des3_set3key_dec
                0x000000000000b6ec                mbedtls_des_crypt_ecb
                0x000000000000b928                mbedtls_des_crypt_cbc
                0x000000000000ba58                mbedtls_des3_crypt_ecb
                0x000000000000bec8                mbedtls_des3_crypt_cbc
                0x000000000000bff8                mbedtls_des_self_test
 .text          0x000000000000c3d8     0x1534 /home/zhaoxuyang/enc-db/ta_dev_kit/lib/libmbedtls.a(aes.o)
                0x000000000000c640                mbedtls_aes_init
                0x000000000000c64c                mbedtls_aes_free
                0x000000000000c65c                mbedtls_aes_setkey_enc
                0x000000000000c950                mbedtls_aes_setkey_dec
                0x000000000000cad4                mbedtls_internal_aes_encrypt
                0x000000000000cfc8                mbedtls_aes_encrypt
                0x000000000000cfcc                mbedtls_internal_aes_decrypt
                0x000000000000d4bc                mbedtls_aes_decrypt
                0x000000000000d4c0                mbedtls_aes_crypt_ecb
                0x000000000000d4dc                mbedtls_aes_crypt_cbc
                0x000000000000d614                mbedtls_aes_self_test
 .text          0x000000000000d90c      0xda4 /home/zhaoxuyang/enc-db/ta_dev_kit/lib/libutils.a(bget_malloc.o)
                0x000000000000d950                bget
                0x000000000000dc14                bgetz
                0x000000000000dca0                brel
                0x000000000000df5c                bgetr
                0x000000000000e030                bpool
                0x000000000000e104                bstats
                0x000000000000e19c                malloc_reset_stats
                0x000000000000e1b4                malloc_get_stats
                0x000000000000e1ec                malloc
                0x000000000000e244                calloc
                0x000000000000e2ac                realloc
                0x000000000000e304                memalign
                0x000000000000e37c                free
                0x000000000000e394                free_wipe
                0x000000000000e3ac                malloc_add_pool
                0x000000000000e4d0                malloc_buffer_is_within_alloced
                0x000000000000e64c                malloc_buffer_overlaps_heap
 .text          0x000000000000e6b0       0xd0 /home/zhaoxuyang/enc-db/ta_dev_kit/lib/libutils.a(snprintf.o)
                0x000000000000e6b0                snprintf
                0x000000000000e728                vsnprintf
 .text          0x000000000000e780       0x34 /home/zhaoxuyang/enc-db/ta_dev_kit/lib/libutils.a(memcmp.o)
                0x000000000000e780                memcmp
 .text          0x000000000000e7b4       0x5c /home/zhaoxuyang/enc-db/ta_dev_kit/lib/libutils.a(memmove.o)
                0x000000000000e7b4                memmove
 .text          0x000000000000e810       0x1c /home/zhaoxuyang/enc-db/ta_dev_kit/lib/libutils.a(memset.o)
                0x000000000000e810                memset
 .text          0x000000000000e82c      0x1a8 /home/zhaoxuyang/enc-db/ta_dev_kit/lib/libutils.a(mempool.o)
                0x000000000000e82c                mempool_alloc_pool
                0x000000000000e894                mempool_alloc
                0x000000000000e940                mempool_calloc
                0x000000000000e990                mempool_free
 .text          0x000000000000e9d4       0x70 /home/zhaoxuyang/enc-db/ta_dev_kit/lib/libutils.a(consttime_memcmp.o)
                0x000000000000e9d4                consttime_memcmp
 .text          0x000000000000ea44        0x0 /home/zhaoxuyang/enc-db/ta_dev_kit/lib/libutee.a(utee_syscalls_a64.o)
 .text          0x000000000000ea44        0x0 /home/zhaoxuyang/enc-db/ta_dev_kit/lib/libutee.a(abort.o)
 *(SORT_BY_ALIGNMENT(.stub))
 *(SORT_BY_ALIGNMENT(.glue_7))
 *(SORT_BY_ALIGNMENT(.glue_7t))
 *(SORT_BY_ALIGNMENT(.gnu.linkonce.t.*))
 *(SORT_BY_ALIGNMENT(.vfp11_veneer))
                0x000000000000ea44                __text_end = .

.plt            0x000000000000ea44        0x0
 *(SORT_BY_ALIGNMENT(.plt))
 .plt           0x000000000000ea44        0x0 ./ops_ta.o

.eh_frame_hdr
 *(SORT_BY_ALIGNMENT(.eh_frame_hdr))
 *(SORT_BY_ALIGNMENT(.eh_frame_entry) SORT_BY_ALIGNMENT(.eh_frame_entry.*))

.eh_frame       0x000000000000ea48     0x2dcc
 *(SORT_BY_ALIGNMENT(.eh_frame))
 .eh_frame      0x000000000000ea48      0x160 ./ops_ta.o
 .eh_frame      0x000000000000eba8       0xc0 ./crypto.o
                                         0xd0 (size before relaxing)
 .eh_frame      0x000000000000ec68       0x78 ./../enc_float_ops.o
                                         0x90 (size before relaxing)
 .eh_frame      0x000000000000ece0       0x28 ./../enc_timestamp_ops.o
                                         0x38 (size before relaxing)
 .eh_frame      0x000000000000ed08       0xb0 ./../enc_int_ops.o
                                         0xc0 (size before relaxing)
 .eh_frame      0x000000000000edb8       0x28 ./../enc_ops.o
                                         0x38 (size before relaxing)
 .eh_frame      0x000000000000ede0       0xe8 ./../enc_text_ops.o
                                         0xf8 (size before relaxing)
 .eh_frame      0x000000000000eec8       0x30 ./user_ta_header.o
                                         0x40 (size before relaxing)
 .eh_frame      0x000000000000eef8       0x18 /home/zhaoxuyang/enc-db/ta_dev_kit/lib/libutils.a(stack_check.o)
                                         0x28 (size before relaxing)
 .eh_frame      0x000000000000ef10       0x18 /home/zhaoxuyang/enc-db/ta_dev_kit/lib/libutils.a(memcpy.o)
                                         0x28 (size before relaxing)
 .eh_frame      0x000000000000ef28       0x18 /home/zhaoxuyang/enc-db/ta_dev_kit/lib/libutils.a(strcmp.o)
                                         0x28 (size before relaxing)
 .eh_frame      0x000000000000ef40       0x18 /home/zhaoxuyang/enc-db/ta_dev_kit/lib/libutils.a(strlen.o)
                                         0x28 (size before relaxing)
 .eh_frame      0x000000000000ef58       0xa0 /home/zhaoxuyang/enc-db/ta_dev_kit/lib/libutils.a(trace.o)
                                         0xb8 (size before relaxing)
 .eh_frame      0x000000000000eff8       0xe8 /home/zhaoxuyang/enc-db/ta_dev_kit/lib/libutils.a(snprintk.o)
                                        0x100 (size before relaxing)
 .eh_frame      0x000000000000f0e0       0x18 /home/zhaoxuyang/enc-db/ta_dev_kit/lib/libutils.a(memchr.o)
                                         0x28 (size before relaxing)
 .eh_frame      0x000000000000f0f8       0x38 /home/zhaoxuyang/enc-db/ta_dev_kit/lib/libutee.a(assert.o)
                                         0x50 (size before relaxing)
 .eh_frame      0x000000000000f130       0xb0 /home/zhaoxuyang/enc-db/ta_dev_kit/lib/libutee.a(trace_ext.o)
                                         0xc0 (size before relaxing)
 .eh_frame      0x000000000000f1e0      0x168 /home/zhaoxuyang/enc-db/ta_dev_kit/lib/libutee.a(user_ta_entry.o)
                                        0x178 (size before relaxing)
 .eh_frame      0x000000000000f348       0x18 /home/zhaoxuyang/enc-db/ta_dev_kit/lib/libutee.a(abort.o)
                                         0x30 (size before relaxing)
 .eh_frame      0x000000000000f360      0x338 /home/zhaoxuyang/enc-db/ta_dev_kit/lib/libutee.a(tee_api.o)
                                        0x350 (size before relaxing)
 .eh_frame      0x000000000000f698      0x628 /home/zhaoxuyang/enc-db/ta_dev_kit/lib/libutee.a(tee_api_arith_mpi.o)
                                        0x640 (size before relaxing)
 .eh_frame      0x000000000000fcc0      0x110 /home/zhaoxuyang/enc-db/ta_dev_kit/lib/libutee.a(tee_api_panic.o)
                                        0x128 (size before relaxing)
 .eh_frame      0x000000000000fdd0       0xa8 /home/zhaoxuyang/enc-db/ta_dev_kit/lib/libutee.a(tee_system_pta.o)
                                         0xc0 (size before relaxing)
 .eh_frame      0x000000000000fe78       0x90 /home/zhaoxuyang/enc-db/ta_dev_kit/lib/libutee.a(tcb.o)
                                         0xa8 (size before relaxing)
 .eh_frame      0x000000000000ff08      0x908 /home/zhaoxuyang/enc-db/ta_dev_kit/lib/libmbedtls.a(bignum.o)
                                        0x918 (size before relaxing)
 .eh_frame      0x0000000000010810      0x1e8 /home/zhaoxuyang/enc-db/ta_dev_kit/lib/libmbedtls.a(gcm.o)
                                        0x200 (size before relaxing)
 .eh_frame      0x00000000000109f8       0x18 /home/zhaoxuyang/enc-db/ta_dev_kit/lib/libmbedtls.a(platform_util.o)
                                         0x28 (size before relaxing)
 .eh_frame      0x0000000000010a10      0x300 /home/zhaoxuyang/enc-db/ta_dev_kit/lib/libmbedtls.a(cipher.o)
                                        0x310 (size before relaxing)
 .eh_frame      0x0000000000010d10      0x2a0 /home/zhaoxuyang/enc-db/ta_dev_kit/lib/libmbedtls.a(cipher_wrap.o)
                                        0x2b0 (size before relaxing)
 .eh_frame      0x0000000000010fb0      0x2f8 /home/zhaoxuyang/enc-db/ta_dev_kit/lib/libmbedtls.a(des.o)
                                        0x310 (size before relaxing)
 .eh_frame      0x00000000000112a8      0x1e0 /home/zhaoxuyang/enc-db/ta_dev_kit/lib/libmbedtls.a(aes.o)
                                        0x1f0 (size before relaxing)
 .eh_frame      0x0000000000011488      0x260 /home/zhaoxuyang/enc-db/ta_dev_kit/lib/libutils.a(bget_malloc.o)
                                        0x270 (size before relaxing)
 .eh_frame      0x00000000000116e8       0x48 /home/zhaoxuyang/enc-db/ta_dev_kit/lib/libutils.a(snprintf.o)
                                         0x60 (size before relaxing)
 .eh_frame      0x0000000000011730       0x18 /home/zhaoxuyang/enc-db/ta_dev_kit/lib/libutils.a(memcmp.o)
                                         0x28 (size before relaxing)
 .eh_frame      0x0000000000011748       0x18 /home/zhaoxuyang/enc-db/ta_dev_kit/lib/libutils.a(memmove.o)
                                         0x28 (size before relaxing)
 .eh_frame      0x0000000000011760       0x18 /home/zhaoxuyang/enc-db/ta_dev_kit/lib/libutils.a(memset.o)
                                         0x28 (size before relaxing)
 .eh_frame      0x0000000000011778       0x80 /home/zhaoxuyang/enc-db/ta_dev_kit/lib/libutils.a(mempool.o)
                                         0x98 (size before relaxing)
 .eh_frame      0x00000000000117f8       0x1c /home/zhaoxuyang/enc-db/ta_dev_kit/lib/libutils.a(consttime_memcmp.o)
                                         0x30 (size before relaxing)
 *(SORT_BY_ALIGNMENT(.eh_frame.*))

.gcc_except_table
 *(SORT_BY_ALIGNMENT(.gcc_except_table) SORT_BY_ALIGNMENT(.gcc_except_table.*))

.rodata         0x0000000000011818     0x2b7a
 *(SORT_BY_ALIGNMENT(.gnu.linkonce.r.*))
 *(SORT_BY_ALIGNMENT(.rodata) SORT_BY_ALIGNMENT(.rodata.*))
 .rodata.user_ta_header.c
                0x0000000000011818       0x23 ./user_ta_header.o
                0x0000000000011818                ta_num_props
                0x0000000000011830                ta_heap_size
                0x0000000000011838                trace_ext_prefix
 *fill*         0x000000000001183b        0x5 
 .rodata.lib/libmbedtls/mbedtls/library/gcm.c
                0x0000000000011840      0xc38 /home/zhaoxuyang/enc-db/ta_dev_kit/lib/libmbedtls.a(gcm.o)
 .rodata.ops_ta.c
                0x0000000000012478       0x9a ./ops_ta.o
 *fill*         0x0000000000012512        0x2 
 .rodata.../enc_float_ops.c
                0x0000000000012514        0x9 ./../enc_float_ops.o
 *fill*         0x000000000001251d        0x3 
 .rodata.../enc_int_ops.c
                0x0000000000012520        0x9 ./../enc_int_ops.o
 *fill*         0x0000000000012529        0x3 
 .rodata.../enc_ops.c
                0x000000000001252c       0x1a ./../enc_ops.o
 *fill*         0x0000000000012546        0x2 
 .rodata.lib/libutils/ext/snprintk.c
                0x0000000000012548       0xac /home/zhaoxuyang/enc-db/ta_dev_kit/lib/libutils.a(snprintk.o)
 .rodata.lib/libutee/tee_system_pta.c
                0x00000000000125f4       0x31 /home/zhaoxuyang/enc-db/ta_dev_kit/lib/libutee.a(tee_system_pta.o)
 *fill*         0x0000000000012625        0x3 
 .rodata.lib/libmbedtls/mbedtls/library/bignum.c
                0x0000000000012628      0x2c4 /home/zhaoxuyang/enc-db/ta_dev_kit/lib/libmbedtls.a(bignum.o)
 .rodata.lib/libmbedtls/mbedtls/library/des.c
                0x00000000000128ec      0xa08 /home/zhaoxuyang/enc-db/ta_dev_kit/lib/libmbedtls.a(des.o)
 .rodata.str1.1.ops_ta.c
                0x00000000000132f4      0x166 ./ops_ta.o
                                        0x17a (size before relaxing)
 .rodata.str1.1.crypto.c
                0x000000000001345a       0x1d ./crypto.o
 .rodata.str1.1.user_ta_header.c
                0x0000000000013477      0x130 ./user_ta_header.o
 .rodata.str1.1.lib/libutils/ext/trace.c
                0x00000000000135a7       0x1a /home/zhaoxuyang/enc-db/ta_dev_kit/lib/libutils.a(trace.o)
                                         0x1b (size before relaxing)
 .rodata.lib/libutils/ext/trace.c
                0x00000000000135c1        0x5 /home/zhaoxuyang/enc-db/ta_dev_kit/lib/libutils.a(trace.o)
 .rodata.str1.1.lib/libutils/ext/snprintk.c
                0x00000000000135c6       0x38 /home/zhaoxuyang/enc-db/ta_dev_kit/lib/libutils.a(snprintk.o)
 .rodata.str1.1.lib/libutee/assert.c
                0x00000000000135fe       0x27 /home/zhaoxuyang/enc-db/ta_dev_kit/lib/libutee.a(assert.o)
 .rodata.str1.1.lib/libutee/trace_ext.c
                0x0000000000013625       0x27 /home/zhaoxuyang/enc-db/ta_dev_kit/lib/libutee.a(trace_ext.o)
                                          0x2 (size before relaxing)
 .rodata.str1.1.lib/libutee/arch/arm/user_ta_entry.c
                0x0000000000013625       0x19 /home/zhaoxuyang/enc-db/ta_dev_kit/lib/libutee.a(user_ta_entry.o)
 .rodata.lib/libutee/arch/arm/user_ta_entry.c
                0x000000000001363e       0x16 /home/zhaoxuyang/enc-db/ta_dev_kit/lib/libutee.a(user_ta_entry.o)
 .rodata.str1.1.lib/libutee/abort.c
                0x0000000000013654        0x7 /home/zhaoxuyang/enc-db/ta_dev_kit/lib/libutee.a(abort.o)
 .rodata.str1.1.lib/libutee/tee_api.c
                0x000000000001365b       0x11 /home/zhaoxuyang/enc-db/ta_dev_kit/lib/libutee.a(tee_api.o)
 .rodata.lib/libutee/tee_api.c
                0x000000000001366c        0xb /home/zhaoxuyang/enc-db/ta_dev_kit/lib/libutee.a(tee_api.o)
 .rodata.str1.1.lib/libutee/tee_api_arith_mpi.c
                0x0000000000013677       0xb7 /home/zhaoxuyang/enc-db/ta_dev_kit/lib/libutee.a(tee_api_arith_mpi.o)
 .rodata.lib/libutee/tee_api_arith_mpi.c
                0x000000000001372e      0x13d /home/zhaoxuyang/enc-db/ta_dev_kit/lib/libutee.a(tee_api_arith_mpi.o)
 .rodata.str1.1.lib/libutee/tee_system_pta.c
                0x000000000001386b       0x55 /home/zhaoxuyang/enc-db/ta_dev_kit/lib/libutee.a(tee_system_pta.o)
 .rodata.str1.1.lib/libutee/arch/arm/tcb.c
                0x00000000000138c0       0x96 /home/zhaoxuyang/enc-db/ta_dev_kit/lib/libutee.a(tcb.o)
 .rodata.lib/libutee/arch/arm/tcb.c
                0x0000000000013956       0x20 /home/zhaoxuyang/enc-db/ta_dev_kit/lib/libutee.a(tcb.o)
 .rodata.str1.1.lib/libmbedtls/mbedtls/library/bignum.c
                0x0000000000013976      0x456 /home/zhaoxuyang/enc-db/ta_dev_kit/lib/libmbedtls.a(bignum.o)
                                        0x45d (size before relaxing)
 .rodata.str1.1.lib/libmbedtls/mbedtls/library/gcm.c
                0x0000000000013dcc       0x48 /home/zhaoxuyang/enc-db/ta_dev_kit/lib/libmbedtls.a(gcm.o)
                                         0x56 (size before relaxing)
 .rodata.str1.1.lib/libmbedtls/mbedtls/library/cipher_wrap.c
                0x0000000000013e14       0xae /home/zhaoxuyang/enc-db/ta_dev_kit/lib/libmbedtls.a(cipher_wrap.o)
 .rodata.str1.1.lib/libmbedtls/mbedtls/library/des.c
                0x0000000000013ec2       0x2e /home/zhaoxuyang/enc-db/ta_dev_kit/lib/libmbedtls.a(des.o)
                                         0x44 (size before relaxing)
 .rodata.str1.1.lib/libmbedtls/mbedtls/library/aes.c
                0x0000000000013ef0       0x2a /home/zhaoxuyang/enc-db/ta_dev_kit/lib/libmbedtls.a(aes.o)
                                         0x48 (size before relaxing)
 .rodata.lib/libmbedtls/mbedtls/library/aes.c
                0x0000000000013f1a       0xc0 /home/zhaoxuyang/enc-db/ta_dev_kit/lib/libmbedtls.a(aes.o)
 .rodata.str1.1.lib/libutils/isoc/bget_malloc.c
                0x0000000000013fda      0x2c5 /home/zhaoxuyang/enc-db/ta_dev_kit/lib/libutils.a(bget_malloc.o)
                                        0x2ce (size before relaxing)
 .rodata.lib/libutils/isoc/bget_malloc.c
                0x000000000001429f       0x58 /home/zhaoxuyang/enc-db/ta_dev_kit/lib/libutils.a(bget_malloc.o)
 .rodata.str1.1.lib/libutils/ext/mempool.c
                0x00000000000142f7       0x7a /home/zhaoxuyang/enc-db/ta_dev_kit/lib/libutils.a(mempool.o)
 .rodata.lib/libutils/ext/mempool.c
                0x0000000000014371       0x21 /home/zhaoxuyang/enc-db/ta_dev_kit/lib/libutils.a(mempool.o)

.gnu.version_d  0x0000000000014398        0x0
 .gnu.version_d
                0x0000000000014398        0x0 ./ops_ta.o

.gnu.version    0x0000000000014392        0x0
 .gnu.version   0x0000000000014392        0x0 ./ops_ta.o

.gnu.version_r  0x0000000000014398        0x0
 .gnu.version_r
                0x0000000000014398        0x0 ./ops_ta.o

.gnu.hash       0x0000000000014398       0x30
 .gnu.hash      0x0000000000014398       0x30 ./ops_ta.o

.ARM.extab
 *(SORT_BY_ALIGNMENT(.ARM.extab*) SORT_BY_ALIGNMENT(.gnu.linkonce.armextab.*))
                [!provide]                        PROVIDE (__exidx_start = .)

.ARM.exidx
 *(SORT_BY_ALIGNMENT(.ARM.exidx*) SORT_BY_ALIGNMENT(.gnu.linkonce.armexidx.*))
                [!provide]                        PROVIDE (__exidx_end = .)

.ctors
 *(SORT_BY_ALIGNMENT(.ctors))

.dtors
 *(SORT_BY_ALIGNMENT(.dtors))

.dynsym         0x00000000000143c8       0x90
 *(SORT_BY_ALIGNMENT(.dynsym))
 .dynsym        0x00000000000143c8       0x90 ./ops_ta.o

.dynstr         0x0000000000014458       0x2e
 *(SORT_BY_ALIGNMENT(.dynstr))
 .dynstr        0x0000000000014458       0x2e ./ops_ta.o

.hash           0x0000000000014488       0x2c
 *(SORT_BY_ALIGNMENT(.hash))
 .hash          0x0000000000014488       0x2c ./ops_ta.o

.rela.dyn       0x00000000000144b8      0x978
 .rela.data.rel.ro
                0x00000000000144b8        0x0 ./ops_ta.o
 .rela.ifunc    0x00000000000144b8        0x0 ./ops_ta.o
 .rela.data.rel.ro.local
                0x00000000000144b8      0x900 ./ops_ta.o
 .rela.data.rel.local
                0x0000000000014db8       0x60 ./ops_ta.o
 .rela.data.rel
                0x0000000000014e18       0x18 ./ops_ta.o
                0x0000000000015000                . = ALIGN (0x1000)

.dynamic        0x0000000000015000      0x110
 *(SORT_BY_ALIGNMENT(.dynamic))
 .dynamic       0x0000000000015000      0x110 ./ops_ta.o
                0x0000000000015000                _DYNAMIC

.tdata
 *(SORT_BY_ALIGNMENT(.tdata) SORT_BY_ALIGNMENT(.tdata.*) SORT_BY_ALIGNMENT(.gnu.linkonce.td.*))

.tbss
 *(SORT_BY_ALIGNMENT(.tbss) SORT_BY_ALIGNMENT(.tbss.*) SORT_BY_ALIGNMENT(.gnu.linkonce.tb.*))
 *(SORT_BY_ALIGNMENT(.tcommon))

.got            0x0000000000015110       0xa0
 *(SORT_BY_ALIGNMENT(.got.plt))
 .got.plt       0x0000000000015110       0x18 ./ops_ta.o
 *(SORT_BY_ALIGNMENT(.got))
 .got           0x0000000000015128       0x88 ./ops_ta.o
                0x0000000000015128                _GLOBAL_OFFSET_TABLE_

.rel.text
 *(SORT_BY_ALIGNMENT(.rel.text))
 *(SORT_BY_ALIGNMENT(.rel.gnu.linkonce.t*))

.rela.text
 *(SORT_BY_ALIGNMENT(.rela.text))
 *(SORT_BY_ALIGNMENT(.rela.gnu.linkonce.t*))

.rel.data
 *(SORT_BY_ALIGNMENT(.rel.data))
 *(SORT_BY_ALIGNMENT(.rel.gnu.linkonce.d*))

.rela.data
 *(SORT_BY_ALIGNMENT(.rela.data))
 *(SORT_BY_ALIGNMENT(.rela.gnu.linkonce.d*))

.rel.tdata
 *(SORT_BY_ALIGNMENT(.rel.tdata) SORT_BY_ALIGNMENT(.rel.tdata.*) SORT_BY_ALIGNMENT(.rel.gnu.linkonce.td.*))

.rela.tdata
 *(SORT_BY_ALIGNMENT(.rela.tdata) SORT_BY_ALIGNMENT(.rela.tdata.*) SORT_BY_ALIGNMENT(.rela.gnu.linkonce.td.*))

.rel.tbss
 *(SORT_BY_ALIGNMENT(.rel.tbss) SORT_BY_ALIGNMENT(.rel.tbss.*) SORT_BY_ALIGNMENT(.rel.gnu.linkonce.tb.*))

.rela.tbss
 *(SORT_BY_ALIGNMENT(.rela.tbss) SORT_BY_ALIGNMENT(.rela.tbss.*) SORT_BY_ALIGNMENT(.rela.gnu.linkonce.tb.*))

.rel.rodata
 *(SORT_BY_ALIGNMENT(.rel.rodata))
 *(SORT_BY_ALIGNMENT(.rel.gnu.linkonce.r*))

.rela.rodata
 *(SORT_BY_ALIGNMENT(.rela.rodata))
 *(SORT_BY_ALIGNMENT(.rela.gnu.linkonce.r*))

.rel.dyn
 *(SORT_BY_ALIGNMENT(.rel.dyn))

.rel.got
 *(SORT_BY_ALIGNMENT(.rel.got))

.rela.got       0x00000000000151b0      0x180
 *(SORT_BY_ALIGNMENT(.rela.got))
 .rela.got      0x00000000000151b0      0x180 ./ops_ta.o

.rel.ctors
 *(SORT_BY_ALIGNMENT(.rel.ctors))

.rela.ctors
 *(SORT_BY_ALIGNMENT(.rela.ctors))

.rel.dtors
 *(SORT_BY_ALIGNMENT(.rel.dtors))

.rela.dtors
 *(SORT_BY_ALIGNMENT(.rela.dtors))

.rel.init
 *(SORT_BY_ALIGNMENT(.rel.init))

.rela.init
 *(SORT_BY_ALIGNMENT(.rela.init))

.rel.fini
 *(SORT_BY_ALIGNMENT(.rel.fini))

.rela.fini
 *(SORT_BY_ALIGNMENT(.rela.fini))

.rel.bss
 *(SORT_BY_ALIGNMENT(.rel.bss))

.rela.bss       0x0000000000015330        0x0
 *(SORT_BY_ALIGNMENT(.rela.bss))
 .rela.bss      0x0000000000015330        0x0 ./ops_ta.o

.rel.plt
 *(SORT_BY_ALIGNMENT(.rel.plt))

.rela.plt       0x0000000000015330        0x0
 *(SORT_BY_ALIGNMENT(.rela.plt))
 .rela.plt      0x0000000000015330        0x0 ./ops_ta.o

.data           0x0000000000015330      0x6bc
 *(SORT_BY_ALIGNMENT(.data) SORT_BY_ALIGNMENT(.data.*) SORT_BY_ALIGNMENT(.gnu.linkonce.d.*))
 .data.rel.ro.local
                0x0000000000015330       0xd8 ./user_ta_header.o
                0x0000000000015330                ta_props
 .data          0x0000000000015408        0x8 /home/zhaoxuyang/enc-db/ta_dev_kit/lib/libutils.a(stack_check.o)
                0x0000000000015408                __stack_chk_guard
 .data.rel.local
                0x0000000000015410       0x20 /home/zhaoxuyang/enc-db/ta_dev_kit/lib/libutee.a(user_ta_entry.o)
 .data.rel      0x0000000000015430        0x8 /home/zhaoxuyang/enc-db/ta_dev_kit/lib/libmbedtls.a(platform_util.o)
 .data.rel.ro.local
                0x0000000000015438      0x510 /home/zhaoxuyang/enc-db/ta_dev_kit/lib/libmbedtls.a(cipher_wrap.o)
                0x0000000000015438                mbedtls_cipher_definitions
 .data.rel.local
                0x0000000000015948       0x80 /home/zhaoxuyang/enc-db/ta_dev_kit/lib/libutils.a(bget_malloc.o)
 .data          0x00000000000159c8        0x4 ./user_ta_header.o
                0x00000000000159c8                trace_level
 .data          0x00000000000159cc        0x0 ./ops_ta.o
 .data.rel.ro   0x00000000000159cc        0x0 ./ops_ta.o
 .data          0x00000000000159cc       0x20 ./crypto.o
 .data          0x00000000000159ec        0x0 ./../enc_float_ops.o
 .data          0x00000000000159ec        0x0 ./../enc_timestamp_ops.o
 .data          0x00000000000159ec        0x0 ./../enc_int_ops.o
 .data          0x00000000000159ec        0x0 ./../enc_ops.o
 .data          0x00000000000159ec        0x0 ./../enc_text_ops.o
 .data          0x00000000000159ec        0x0 /home/zhaoxuyang/enc-db/ta_dev_kit/lib/libutils.a(memcpy.o)
 .data          0x00000000000159ec        0x0 /home/zhaoxuyang/enc-db/ta_dev_kit/lib/libutils.a(strcmp.o)
 .data          0x00000000000159ec        0x0 /home/zhaoxuyang/enc-db/ta_dev_kit/lib/libutils.a(strlen.o)
 .data          0x00000000000159ec        0x0 /home/zhaoxuyang/enc-db/ta_dev_kit/lib/libutils.a(trace.o)
 .data          0x00000000000159ec        0x0 /home/zhaoxuyang/enc-db/ta_dev_kit/lib/libutils.a(snprintk.o)
 .data          0x00000000000159ec        0x0 /home/zhaoxuyang/enc-db/ta_dev_kit/lib/libutils.a(memchr.o)
 .data          0x00000000000159ec        0x0 /home/zhaoxuyang/enc-db/ta_dev_kit/lib/libutee.a(assert.o)
 .data          0x00000000000159ec        0x0 /home/zhaoxuyang/enc-db/ta_dev_kit/lib/libutee.a(trace_ext.o)
 .data          0x00000000000159ec        0x0 /home/zhaoxuyang/enc-db/ta_dev_kit/lib/libutee.a(utee_syscalls_a64.o)
 .data          0x00000000000159ec        0x0 /home/zhaoxuyang/enc-db/ta_dev_kit/lib/libutee.a(user_ta_entry.o)
 .data          0x00000000000159ec        0x0 /home/zhaoxuyang/enc-db/ta_dev_kit/lib/libutee.a(abort.o)
 .data          0x00000000000159ec        0x0 /home/zhaoxuyang/enc-db/ta_dev_kit/lib/libutee.a(tee_api.o)
 .data          0x00000000000159ec        0x0 /home/zhaoxuyang/enc-db/ta_dev_kit/lib/libutee.a(tee_api_arith_mpi.o)
 .data          0x00000000000159ec        0x0 /home/zhaoxuyang/enc-db/ta_dev_kit/lib/libutee.a(tee_api_panic.o)
 .data          0x00000000000159ec        0x0 /home/zhaoxuyang/enc-db/ta_dev_kit/lib/libutee.a(tee_system_pta.o)
 .data          0x00000000000159ec        0x0 /home/zhaoxuyang/enc-db/ta_dev_kit/lib/libutee.a(tcb.o)
 .data          0x00000000000159ec        0x0 /home/zhaoxuyang/enc-db/ta_dev_kit/lib/libmbedtls.a(bignum.o)
 .data          0x00000000000159ec        0x0 /home/zhaoxuyang/enc-db/ta_dev_kit/lib/libmbedtls.a(gcm.o)
 .data          0x00000000000159ec        0x0 /home/zhaoxuyang/enc-db/ta_dev_kit/lib/libmbedtls.a(platform_util.o)
 .data          0x00000000000159ec        0x0 /home/zhaoxuyang/enc-db/ta_dev_kit/lib/libmbedtls.a(cipher.o)
 .data          0x00000000000159ec        0x0 /home/zhaoxuyang/enc-db/ta_dev_kit/lib/libmbedtls.a(cipher_wrap.o)
 .data          0x00000000000159ec        0x0 /home/zhaoxuyang/enc-db/ta_dev_kit/lib/libmbedtls.a(des.o)
 .data          0x00000000000159ec        0x0 /home/zhaoxuyang/enc-db/ta_dev_kit/lib/libmbedtls.a(aes.o)
 .data          0x00000000000159ec        0x0 /home/zhaoxuyang/enc-db/ta_dev_kit/lib/libutils.a(bget_malloc.o)
 .data          0x00000000000159ec        0x0 /home/zhaoxuyang/enc-db/ta_dev_kit/lib/libutils.a(snprintf.o)
 .data          0x00000000000159ec        0x0 /home/zhaoxuyang/enc-db/ta_dev_kit/lib/libutils.a(memcmp.o)
 .data          0x00000000000159ec        0x0 /home/zhaoxuyang/enc-db/ta_dev_kit/lib/libutils.a(memmove.o)
 .data          0x00000000000159ec        0x0 /home/zhaoxuyang/enc-db/ta_dev_kit/lib/libutils.a(memset.o)
 .data          0x00000000000159ec        0x0 /home/zhaoxuyang/enc-db/ta_dev_kit/lib/libutils.a(mempool.o)
 .data          0x00000000000159ec        0x0 /home/zhaoxuyang/enc-db/ta_dev_kit/lib/libutils.a(consttime_memcmp.o)

.bss            0x00000000000159f0    0x154b0
 *(SORT_BY_ALIGNMENT(.bss) SORT_BY_ALIGNMENT(.bss.*) SORT_BY_ALIGNMENT(.gnu.linkonce.b.*) SORT_BY_ALIGNMENT(COMMON))
 .bss           0x00000000000159f0      0x1a8 ./crypto.o
 .bss           0x0000000000015b98        0x9 /home/zhaoxuyang/enc-db/ta_dev_kit/lib/libutee.a(user_ta_entry.o)
 *fill*         0x0000000000015ba1        0x7 
 COMMON         0x0000000000015ba8       0x58 /home/zhaoxuyang/enc-db/ta_dev_kit/lib/libutee.a(user_ta_entry.o)
                0x0000000000015ba8                ta_param_types
                0x0000000000015bb0                ta_params
                0x0000000000015bf0                __elf_phdr_info
 .bss           0x0000000000015c00        0x8 /home/zhaoxuyang/enc-db/ta_dev_kit/lib/libutee.a(tee_api.o)
 .bss           0x0000000000015c08     0x3000 /home/zhaoxuyang/enc-db/ta_dev_kit/lib/libutee.a(tee_api_arith_mpi.o)
 .bss           0x0000000000018c08        0x8 /home/zhaoxuyang/enc-db/ta_dev_kit/lib/libutee.a(tee_system_pta.o)
 .bss           0x0000000000018c10       0x10 /home/zhaoxuyang/enc-db/ta_dev_kit/lib/libutee.a(tcb.o)
 COMMON         0x0000000000018c20        0x8 /home/zhaoxuyang/enc-db/ta_dev_kit/lib/libmbedtls.a(bignum.o)
                0x0000000000018c20                mbedtls_mpi_mempool
 .bss           0x0000000000018c28        0x4 ./ops_ta.o
 .bss           0x0000000000018c2c        0x4 /home/zhaoxuyang/enc-db/ta_dev_kit/lib/libmbedtls.a(cipher.o)
 COMMON         0x0000000000018c30       0x40 /home/zhaoxuyang/enc-db/ta_dev_kit/lib/libmbedtls.a(cipher_wrap.o)
                0x0000000000018c30                mbedtls_cipher_supported
 .bss           0x0000000000018c70     0x222c /home/zhaoxuyang/enc-db/ta_dev_kit/lib/libmbedtls.a(aes.o)
 .bss           0x000000000001ae9c        0x0 ./../enc_float_ops.o
 .bss           0x000000000001ae9c        0x0 ./../enc_timestamp_ops.o
 .bss           0x000000000001ae9c        0x0 ./../enc_int_ops.o
 .bss           0x000000000001ae9c        0x0 ./../enc_ops.o
 .bss           0x000000000001ae9c        0x0 ./../enc_text_ops.o
 .bss           0x000000000001ae9c        0x0 ./user_ta_header.o
 COMMON         0x000000000001ae9c    0x10000 ./user_ta_header.o
                0x000000000001ae9c                ta_heap
 .bss           0x000000000002ae9c        0x0 /home/zhaoxuyang/enc-db/ta_dev_kit/lib/libutils.a(stack_check.o)
 .bss           0x000000000002ae9c        0x0 /home/zhaoxuyang/enc-db/ta_dev_kit/lib/libutils.a(memcpy.o)
 .bss           0x000000000002ae9c        0x0 /home/zhaoxuyang/enc-db/ta_dev_kit/lib/libutils.a(strcmp.o)
 .bss           0x000000000002ae9c        0x0 /home/zhaoxuyang/enc-db/ta_dev_kit/lib/libutils.a(strlen.o)
 .bss           0x000000000002ae9c        0x0 /home/zhaoxuyang/enc-db/ta_dev_kit/lib/libutils.a(trace.o)
 .bss           0x000000000002ae9c        0x0 /home/zhaoxuyang/enc-db/ta_dev_kit/lib/libutils.a(snprintk.o)
 .bss           0x000000000002ae9c        0x0 /home/zhaoxuyang/enc-db/ta_dev_kit/lib/libutils.a(memchr.o)
 .bss           0x000000000002ae9c        0x0 /home/zhaoxuyang/enc-db/ta_dev_kit/lib/libutee.a(assert.o)
 .bss           0x000000000002ae9c        0x0 /home/zhaoxuyang/enc-db/ta_dev_kit/lib/libutee.a(trace_ext.o)
 .bss           0x000000000002ae9c        0x0 /home/zhaoxuyang/enc-db/ta_dev_kit/lib/libutee.a(utee_syscalls_a64.o)
 .bss           0x000000000002ae9c        0x0 /home/zhaoxuyang/enc-db/ta_dev_kit/lib/libutee.a(abort.o)
 .bss           0x000000000002ae9c        0x0 /home/zhaoxuyang/enc-db/ta_dev_kit/lib/libutee.a(tee_api_panic.o)
 .bss           0x000000000002ae9c        0x0 /home/zhaoxuyang/enc-db/ta_dev_kit/lib/libmbedtls.a(bignum.o)
 .bss           0x000000000002ae9c        0x0 /home/zhaoxuyang/enc-db/ta_dev_kit/lib/libmbedtls.a(gcm.o)
 .bss           0x000000000002ae9c        0x0 /home/zhaoxuyang/enc-db/ta_dev_kit/lib/libmbedtls.a(platform_util.o)
 .bss           0x000000000002ae9c        0x0 /home/zhaoxuyang/enc-db/ta_dev_kit/lib/libmbedtls.a(cipher_wrap.o)
 .bss           0x000000000002ae9c        0x0 /home/zhaoxuyang/enc-db/ta_dev_kit/lib/libmbedtls.a(des.o)
 .bss           0x000000000002ae9c        0x0 /home/zhaoxuyang/enc-db/ta_dev_kit/lib/libutils.a(bget_malloc.o)
 .bss           0x000000000002ae9c        0x0 /home/zhaoxuyang/enc-db/ta_dev_kit/lib/libutils.a(snprintf.o)
 .bss           0x000000000002ae9c        0x0 /home/zhaoxuyang/enc-db/ta_dev_kit/lib/libutils.a(memcmp.o)
 .bss           0x000000000002ae9c        0x0 /home/zhaoxuyang/enc-db/ta_dev_kit/lib/libutils.a(memmove.o)
 .bss           0x000000000002ae9c        0x0 /home/zhaoxuyang/enc-db/ta_dev_kit/lib/libutils.a(memset.o)
 .bss           0x000000000002ae9c        0x0 /home/zhaoxuyang/enc-db/ta_dev_kit/lib/libutils.a(mempool.o)
 .bss           0x000000000002ae9c        0x0 /home/zhaoxuyang/enc-db/ta_dev_kit/lib/libutils.a(consttime_memcmp.o)
                0x000000000002aea0                . = ALIGN (0x8)
 *fill*         0x000000000002ae9c        0x4 
                0x000000000002aea0                __ftrace_buf_start = .
                0x000000000002aea0                . = (. + DEFINED (_mcount)?0x800:0x0)
                0x000000000002aea0                __ftrace_buf_end = .

.dynbss         0x000000000002aea0        0x0
 .dynbss        0x000000000002aea0        0x0 ./ops_ta.o

/DISCARD/
 *(SORT_BY_ALIGNMENT(.interp))
LOAD ./ops_ta.o
LOAD ./crypto.o
LOAD ./../enc_float_ops.o
LOAD ./../enc_timestamp_ops.o
LOAD ./../enc_int_ops.o
LOAD ./../enc_ops.o
LOAD ./../enc_text_ops.o
LOAD ./user_ta_header.o
START GROUP
LOAD /home/zhaoxuyang/enc-db/ta_dev_kit/lib/libutils.a
LOAD /home/zhaoxuyang/enc-db/ta_dev_kit/lib/libutee.a
LOAD /home/zhaoxuyang/enc-db/ta_dev_kit/lib/libmbedtls.a
LOAD /home/zhaoxuyang/enc-db/ta_dev_kit/lib/libdl.a
LOAD /home/zhaoxuyang/enc-db/ta_dev_kit/lib/libmbedtls.a
END GROUP
LOAD /usr/lib/gcc/aarch64-linux-gnu/9/libgcc.a
LOAD /home/zhaoxuyang/enc-db/ta_dev_kit/lib/libutils.a
OUTPUT(64974d40-92cd-4714-9e8f-442f3a4db3af.elf elf64-littleaarch64)
LOAD linker stubs

.debug_info     0x0000000000000000    0x1eded
 .debug_info    0x0000000000000000      0xfb1 ./ops_ta.o
 .debug_info    0x0000000000000fb1      0xbed ./crypto.o
 .debug_info    0x0000000000001b9e      0x5df ./../enc_float_ops.o
 .debug_info    0x000000000000217d      0x2ff ./../enc_timestamp_ops.o
 .debug_info    0x000000000000247c      0x6a8 ./../enc_int_ops.o
 .debug_info    0x0000000000002b24      0xb56 ./../enc_ops.o
 .debug_info    0x000000000000367a      0x941 ./../enc_text_ops.o
 .debug_info    0x0000000000003fbb      0x536 ./user_ta_header.o
 .debug_info    0x00000000000044f1       0x64 /home/zhaoxuyang/enc-db/ta_dev_kit/lib/libutils.a(stack_check.o)
 .debug_info    0x0000000000004555      0x12e /home/zhaoxuyang/enc-db/ta_dev_kit/lib/libutils.a(memcpy.o)
 .debug_info    0x0000000000004683       0xa9 /home/zhaoxuyang/enc-db/ta_dev_kit/lib/libutils.a(strcmp.o)
 .debug_info    0x000000000000472c       0xb0 /home/zhaoxuyang/enc-db/ta_dev_kit/lib/libutils.a(strlen.o)
 .debug_info    0x00000000000047dc      0x69d /home/zhaoxuyang/enc-db/ta_dev_kit/lib/libutils.a(trace.o)
 .debug_info    0x0000000000004e79      0x916 /home/zhaoxuyang/enc-db/ta_dev_kit/lib/libutils.a(snprintk.o)
 .debug_info    0x000000000000578f       0xf8 /home/zhaoxuyang/enc-db/ta_dev_kit/lib/libutils.a(memchr.o)
 .debug_info    0x0000000000005887      0x1e8 /home/zhaoxuyang/enc-db/ta_dev_kit/lib/libutee.a(assert.o)
 .debug_info    0x0000000000005a6f      0x393 /home/zhaoxuyang/enc-db/ta_dev_kit/lib/libutee.a(trace_ext.o)
 .debug_info    0x0000000000005e02       0x22 /home/zhaoxuyang/enc-db/ta_dev_kit/lib/libutee.a(utee_syscalls_a64.o)
 .debug_info    0x0000000000005e24     0x15b2 /home/zhaoxuyang/enc-db/ta_dev_kit/lib/libutee.a(user_ta_entry.o)
 .debug_info    0x00000000000073d6      0x138 /home/zhaoxuyang/enc-db/ta_dev_kit/lib/libutee.a(abort.o)
 .debug_info    0x000000000000750e     0x167f /home/zhaoxuyang/enc-db/ta_dev_kit/lib/libutee.a(tee_api.o)
 .debug_info    0x0000000000008b8d     0x462d /home/zhaoxuyang/enc-db/ta_dev_kit/lib/libutee.a(tee_api_arith_mpi.o)
 .debug_info    0x000000000000d1ba      0x783 /home/zhaoxuyang/enc-db/ta_dev_kit/lib/libutee.a(tee_api_panic.o)
 .debug_info    0x000000000000d93d      0x762 /home/zhaoxuyang/enc-db/ta_dev_kit/lib/libutee.a(tee_system_pta.o)
 .debug_info    0x000000000000e09f      0x8f5 /home/zhaoxuyang/enc-db/ta_dev_kit/lib/libutee.a(tcb.o)
 .debug_info    0x000000000000e994     0x5958 /home/zhaoxuyang/enc-db/ta_dev_kit/lib/libmbedtls.a(bignum.o)
 .debug_info    0x00000000000142ec     0x1dc9 /home/zhaoxuyang/enc-db/ta_dev_kit/lib/libmbedtls.a(gcm.o)
 .debug_info    0x00000000000160b5      0x14d /home/zhaoxuyang/enc-db/ta_dev_kit/lib/libmbedtls.a(platform_util.o)
 .debug_info    0x0000000000016202     0x17e0 /home/zhaoxuyang/enc-db/ta_dev_kit/lib/libmbedtls.a(cipher.o)
 .debug_info    0x00000000000179e2     0x194a /home/zhaoxuyang/enc-db/ta_dev_kit/lib/libmbedtls.a(cipher_wrap.o)
 .debug_info    0x000000000001932c     0x16d7 /home/zhaoxuyang/enc-db/ta_dev_kit/lib/libmbedtls.a(des.o)
 .debug_info    0x000000000001aa03     0x119a /home/zhaoxuyang/enc-db/ta_dev_kit/lib/libmbedtls.a(aes.o)
 .debug_info    0x000000000001bb9d     0x26f0 /home/zhaoxuyang/enc-db/ta_dev_kit/lib/libutils.a(bget_malloc.o)
 .debug_info    0x000000000001e28d      0x271 /home/zhaoxuyang/enc-db/ta_dev_kit/lib/libutils.a(snprintf.o)
 .debug_info    0x000000000001e4fe       0xef /home/zhaoxuyang/enc-db/ta_dev_kit/lib/libutils.a(memcmp.o)
 .debug_info    0x000000000001e5ed       0xf5 /home/zhaoxuyang/enc-db/ta_dev_kit/lib/libutils.a(memmove.o)
 .debug_info    0x000000000001e6e2       0xc8 /home/zhaoxuyang/enc-db/ta_dev_kit/lib/libutils.a(memset.o)
 .debug_info    0x000000000001e7aa      0x516 /home/zhaoxuyang/enc-db/ta_dev_kit/lib/libutils.a(mempool.o)
 .debug_info    0x000000000001ecc0      0x12d /home/zhaoxuyang/enc-db/ta_dev_kit/lib/libutils.a(consttime_memcmp.o)

.debug_abbrev   0x0000000000000000     0x543d
 .debug_abbrev  0x0000000000000000      0x37c ./ops_ta.o
 .debug_abbrev  0x000000000000037c      0x290 ./crypto.o
 .debug_abbrev  0x000000000000060c      0x1bf ./../enc_float_ops.o
 .debug_abbrev  0x00000000000007cb      0x170 ./../enc_timestamp_ops.o
 .debug_abbrev  0x000000000000093b      0x22d ./../enc_int_ops.o
 .debug_abbrev  0x0000000000000b68      0x1c5 ./../enc_ops.o
 .debug_abbrev  0x0000000000000d2d      0x2c1 ./../enc_text_ops.o
 .debug_abbrev  0x0000000000000fee      0x1e2 ./user_ta_header.o
 .debug_abbrev  0x00000000000011d0       0x4e /home/zhaoxuyang/enc-db/ta_dev_kit/lib/libutils.a(stack_check.o)
 .debug_abbrev  0x000000000000121e       0xb8 /home/zhaoxuyang/enc-db/ta_dev_kit/lib/libutils.a(memcpy.o)
 .debug_abbrev  0x00000000000012d6       0x6f /home/zhaoxuyang/enc-db/ta_dev_kit/lib/libutils.a(strcmp.o)
 .debug_abbrev  0x0000000000001345       0x87 /home/zhaoxuyang/enc-db/ta_dev_kit/lib/libutils.a(strlen.o)
 .debug_abbrev  0x00000000000013cc      0x275 /home/zhaoxuyang/enc-db/ta_dev_kit/lib/libutils.a(trace.o)
 .debug_abbrev  0x0000000000001641      0x2c3 /home/zhaoxuyang/enc-db/ta_dev_kit/lib/libutils.a(snprintk.o)
 .debug_abbrev  0x0000000000001904       0xb2 /home/zhaoxuyang/enc-db/ta_dev_kit/lib/libutils.a(memchr.o)
 .debug_abbrev  0x00000000000019b6       0xef /home/zhaoxuyang/enc-db/ta_dev_kit/lib/libutee.a(assert.o)
 .debug_abbrev  0x0000000000001aa5      0x197 /home/zhaoxuyang/enc-db/ta_dev_kit/lib/libutee.a(trace_ext.o)
 .debug_abbrev  0x0000000000001c3c       0x12 /home/zhaoxuyang/enc-db/ta_dev_kit/lib/libutee.a(utee_syscalls_a64.o)
 .debug_abbrev  0x0000000000001c4e      0x4ee /home/zhaoxuyang/enc-db/ta_dev_kit/lib/libutee.a(user_ta_entry.o)
 .debug_abbrev  0x000000000000213c       0xdd /home/zhaoxuyang/enc-db/ta_dev_kit/lib/libutee.a(abort.o)
 .debug_abbrev  0x0000000000002219      0x40d /home/zhaoxuyang/enc-db/ta_dev_kit/lib/libutee.a(tee_api.o)
 .debug_abbrev  0x0000000000002626      0x4e5 /home/zhaoxuyang/enc-db/ta_dev_kit/lib/libutee.a(tee_api_arith_mpi.o)
 .debug_abbrev  0x0000000000002b0b      0x1f9 /home/zhaoxuyang/enc-db/ta_dev_kit/lib/libutee.a(tee_api_panic.o)
 .debug_abbrev  0x0000000000002d04      0x25b /home/zhaoxuyang/enc-db/ta_dev_kit/lib/libutee.a(tee_system_pta.o)
 .debug_abbrev  0x0000000000002f5f      0x2a0 /home/zhaoxuyang/enc-db/ta_dev_kit/lib/libutee.a(tcb.o)
 .debug_abbrev  0x00000000000031ff      0x541 /home/zhaoxuyang/enc-db/ta_dev_kit/lib/libmbedtls.a(bignum.o)
 .debug_abbrev  0x0000000000003740      0x4a5 /home/zhaoxuyang/enc-db/ta_dev_kit/lib/libmbedtls.a(gcm.o)
 .debug_abbrev  0x0000000000003be5       0xdf /home/zhaoxuyang/enc-db/ta_dev_kit/lib/libmbedtls.a(platform_util.o)
 .debug_abbrev  0x0000000000003cc4      0x4c1 /home/zhaoxuyang/enc-db/ta_dev_kit/lib/libmbedtls.a(cipher.o)
 .debug_abbrev  0x0000000000004185      0x314 /home/zhaoxuyang/enc-db/ta_dev_kit/lib/libmbedtls.a(cipher_wrap.o)
 .debug_abbrev  0x0000000000004499      0x2c3 /home/zhaoxuyang/enc-db/ta_dev_kit/lib/libmbedtls.a(des.o)
 .debug_abbrev  0x000000000000475c      0x2a2 /home/zhaoxuyang/enc-db/ta_dev_kit/lib/libmbedtls.a(aes.o)
 .debug_abbrev  0x00000000000049fe      0x46a /home/zhaoxuyang/enc-db/ta_dev_kit/lib/libutils.a(bget_malloc.o)
 .debug_abbrev  0x0000000000004e68      0x154 /home/zhaoxuyang/enc-db/ta_dev_kit/lib/libutils.a(snprintf.o)
 .debug_abbrev  0x0000000000004fbc       0x90 /home/zhaoxuyang/enc-db/ta_dev_kit/lib/libutils.a(memcmp.o)
 .debug_abbrev  0x000000000000504c       0xa4 /home/zhaoxuyang/enc-db/ta_dev_kit/lib/libutils.a(memmove.o)
 .debug_abbrev  0x00000000000050f0       0xa3 /home/zhaoxuyang/enc-db/ta_dev_kit/lib/libutils.a(memset.o)
 .debug_abbrev  0x0000000000005193      0x1ea /home/zhaoxuyang/enc-db/ta_dev_kit/lib/libutils.a(mempool.o)
 .debug_abbrev  0x000000000000537d       0xc0 /home/zhaoxuyang/enc-db/ta_dev_kit/lib/libutils.a(consttime_memcmp.o)

.debug_loc      0x0000000000000000    0x2db6b
 .debug_loc     0x0000000000000000      0xcc8 ./ops_ta.o
 .debug_loc     0x0000000000000cc8      0x965 ./crypto.o
 .debug_loc     0x000000000000162d      0x2f0 ./../enc_float_ops.o
 .debug_loc     0x000000000000191d       0xb7 ./../enc_timestamp_ops.o
 .debug_loc     0x00000000000019d4      0x578 ./../enc_int_ops.o
 .debug_loc     0x0000000000001f4c      0x256 ./../enc_ops.o
 .debug_loc     0x00000000000021a2      0x710 ./../enc_text_ops.o
 .debug_loc     0x00000000000028b2      0x119 ./user_ta_header.o
 .debug_loc     0x00000000000029cb      0x679 /home/zhaoxuyang/enc-db/ta_dev_kit/lib/libutils.a(memcpy.o)
 .debug_loc     0x0000000000003044       0xb6 /home/zhaoxuyang/enc-db/ta_dev_kit/lib/libutils.a(strcmp.o)
 .debug_loc     0x00000000000030fa       0x8c /home/zhaoxuyang/enc-db/ta_dev_kit/lib/libutils.a(strlen.o)
 .debug_loc     0x0000000000003186      0x705 /home/zhaoxuyang/enc-db/ta_dev_kit/lib/libutils.a(trace.o)
 .debug_loc     0x000000000000388b     0x2bc6 /home/zhaoxuyang/enc-db/ta_dev_kit/lib/libutils.a(snprintk.o)
 .debug_loc     0x0000000000006451      0x130 /home/zhaoxuyang/enc-db/ta_dev_kit/lib/libutils.a(memchr.o)
 .debug_loc     0x0000000000006581      0x149 /home/zhaoxuyang/enc-db/ta_dev_kit/lib/libutee.a(assert.o)
 .debug_loc     0x00000000000066ca      0x1c4 /home/zhaoxuyang/enc-db/ta_dev_kit/lib/libutee.a(trace_ext.o)
 .debug_loc     0x000000000000688e     0x11f2 /home/zhaoxuyang/enc-db/ta_dev_kit/lib/libutee.a(user_ta_entry.o)
 .debug_loc     0x0000000000007a80     0x1855 /home/zhaoxuyang/enc-db/ta_dev_kit/lib/libutee.a(tee_api.o)
 .debug_loc     0x00000000000092d5     0x475e /home/zhaoxuyang/enc-db/ta_dev_kit/lib/libutee.a(tee_api_arith_mpi.o)
 .debug_loc     0x000000000000da33      0x9a3 /home/zhaoxuyang/enc-db/ta_dev_kit/lib/libutee.a(tee_api_panic.o)
 .debug_loc     0x000000000000e3d6      0x7cc /home/zhaoxuyang/enc-db/ta_dev_kit/lib/libutee.a(tee_system_pta.o)
 .debug_loc     0x000000000000eba2      0x681 /home/zhaoxuyang/enc-db/ta_dev_kit/lib/libutee.a(tcb.o)
 .debug_loc     0x000000000000f223     0xaa28 /home/zhaoxuyang/enc-db/ta_dev_kit/lib/libmbedtls.a(bignum.o)
 .debug_loc     0x0000000000019c4b     0x226e /home/zhaoxuyang/enc-db/ta_dev_kit/lib/libmbedtls.a(gcm.o)
 .debug_loc     0x000000000001beb9       0xb9 /home/zhaoxuyang/enc-db/ta_dev_kit/lib/libmbedtls.a(platform_util.o)
 .debug_loc     0x000000000001bf72     0x2667 /home/zhaoxuyang/enc-db/ta_dev_kit/lib/libmbedtls.a(cipher.o)
 .debug_loc     0x000000000001e5d9     0x12a9 /home/zhaoxuyang/enc-db/ta_dev_kit/lib/libmbedtls.a(cipher_wrap.o)
 .debug_loc     0x000000000001f882     0x69d9 /home/zhaoxuyang/enc-db/ta_dev_kit/lib/libmbedtls.a(des.o)
 .debug_loc     0x000000000002625b     0x1e92 /home/zhaoxuyang/enc-db/ta_dev_kit/lib/libmbedtls.a(aes.o)
 .debug_loc     0x00000000000280ed     0x4a0c /home/zhaoxuyang/enc-db/ta_dev_kit/lib/libutils.a(bget_malloc.o)
 .debug_loc     0x000000000002caf9      0x1d2 /home/zhaoxuyang/enc-db/ta_dev_kit/lib/libutils.a(snprintf.o)
 .debug_loc     0x000000000002cccb      0x21c /home/zhaoxuyang/enc-db/ta_dev_kit/lib/libutils.a(memcmp.o)
 .debug_loc     0x000000000002cee7      0x377 /home/zhaoxuyang/enc-db/ta_dev_kit/lib/libutils.a(memmove.o)
 .debug_loc     0x000000000002d25e       0xe9 /home/zhaoxuyang/enc-db/ta_dev_kit/lib/libutils.a(memset.o)
 .debug_loc     0x000000000002d347      0x601 /home/zhaoxuyang/enc-db/ta_dev_kit/lib/libutils.a(mempool.o)
 .debug_loc     0x000000000002d948      0x223 /home/zhaoxuyang/enc-db/ta_dev_kit/lib/libutils.a(consttime_memcmp.o)

.debug_aranges  0x0000000000000000      0xad0
 .debug_aranges
                0x0000000000000000       0x30 ./ops_ta.o
 .debug_aranges
                0x0000000000000030       0x30 ./crypto.o
 .debug_aranges
                0x0000000000000060       0x30 ./../enc_float_ops.o
 .debug_aranges
                0x0000000000000090       0x30 ./../enc_timestamp_ops.o
 .debug_aranges
                0x00000000000000c0       0x30 ./../enc_int_ops.o
 .debug_aranges
                0x00000000000000f0       0x30 ./../enc_ops.o
 .debug_aranges
                0x0000000000000120       0x30 ./../enc_text_ops.o
 .debug_aranges
                0x0000000000000150       0x30 ./user_ta_header.o
 .debug_aranges
                0x0000000000000180       0x30 /home/zhaoxuyang/enc-db/ta_dev_kit/lib/libutils.a(stack_check.o)
 .debug_aranges
                0x00000000000001b0       0x30 /home/zhaoxuyang/enc-db/ta_dev_kit/lib/libutils.a(memcpy.o)
 .debug_aranges
                0x00000000000001e0       0x30 /home/zhaoxuyang/enc-db/ta_dev_kit/lib/libutils.a(strcmp.o)
 .debug_aranges
                0x0000000000000210       0x30 /home/zhaoxuyang/enc-db/ta_dev_kit/lib/libutils.a(strlen.o)
 .debug_aranges
                0x0000000000000240       0x30 /home/zhaoxuyang/enc-db/ta_dev_kit/lib/libutils.a(trace.o)
 .debug_aranges
                0x0000000000000270       0x30 /home/zhaoxuyang/enc-db/ta_dev_kit/lib/libutils.a(snprintk.o)
 .debug_aranges
                0x00000000000002a0       0x30 /home/zhaoxuyang/enc-db/ta_dev_kit/lib/libutils.a(memchr.o)
 .debug_aranges
                0x00000000000002d0       0x30 /home/zhaoxuyang/enc-db/ta_dev_kit/lib/libutee.a(assert.o)
 .debug_aranges
                0x0000000000000300       0x30 /home/zhaoxuyang/enc-db/ta_dev_kit/lib/libutee.a(trace_ext.o)
 .debug_aranges
                0x0000000000000330      0x3b0 /home/zhaoxuyang/enc-db/ta_dev_kit/lib/libutee.a(utee_syscalls_a64.o)
 .debug_aranges
                0x00000000000006e0       0x30 /home/zhaoxuyang/enc-db/ta_dev_kit/lib/libutee.a(user_ta_entry.o)
 .debug_aranges
                0x0000000000000710       0x30 /home/zhaoxuyang/enc-db/ta_dev_kit/lib/libutee.a(abort.o)
 .debug_aranges
                0x0000000000000740       0x30 /home/zhaoxuyang/enc-db/ta_dev_kit/lib/libutee.a(tee_api.o)
 .debug_aranges
                0x0000000000000770       0x30 /home/zhaoxuyang/enc-db/ta_dev_kit/lib/libutee.a(tee_api_arith_mpi.o)
 .debug_aranges
                0x00000000000007a0       0x30 /home/zhaoxuyang/enc-db/ta_dev_kit/lib/libutee.a(tee_api_panic.o)
 .debug_aranges
                0x00000000000007d0       0x30 /home/zhaoxuyang/enc-db/ta_dev_kit/lib/libutee.a(tee_system_pta.o)
 .debug_aranges
                0x0000000000000800       0x30 /home/zhaoxuyang/enc-db/ta_dev_kit/lib/libutee.a(tcb.o)
 .debug_aranges
                0x0000000000000830       0x30 /home/zhaoxuyang/enc-db/ta_dev_kit/lib/libmbedtls.a(bignum.o)
 .debug_aranges
                0x0000000000000860       0x30 /home/zhaoxuyang/enc-db/ta_dev_kit/lib/libmbedtls.a(gcm.o)
 .debug_aranges
                0x0000000000000890       0x30 /home/zhaoxuyang/enc-db/ta_dev_kit/lib/libmbedtls.a(platform_util.o)
 .debug_aranges
                0x00000000000008c0       0x30 /home/zhaoxuyang/enc-db/ta_dev_kit/lib/libmbedtls.a(cipher.o)
 .debug_aranges
                0x00000000000008f0       0x30 /home/zhaoxuyang/enc-db/ta_dev_kit/lib/libmbedtls.a(cipher_wrap.o)
 .debug_aranges
                0x0000000000000920       0x30 /home/zhaoxuyang/enc-db/ta_dev_kit/lib/libmbedtls.a(des.o)
 .debug_aranges
                0x0000000000000950       0x30 /home/zhaoxuyang/enc-db/ta_dev_kit/lib/libmbedtls.a(aes.o)
 .debug_aranges
                0x0000000000000980       0x30 /home/zhaoxuyang/enc-db/ta_dev_kit/lib/libutils.a(bget_malloc.o)
 .debug_aranges
                0x00000000000009b0       0x30 /home/zhaoxuyang/enc-db/ta_dev_kit/lib/libutils.a(snprintf.o)
 .debug_aranges
                0x00000000000009e0       0x30 /home/zhaoxuyang/enc-db/ta_dev_kit/lib/libutils.a(memcmp.o)
 .debug_aranges
                0x0000000000000a10       0x30 /home/zhaoxuyang/enc-db/ta_dev_kit/lib/libutils.a(memmove.o)
 .debug_aranges
                0x0000000000000a40       0x30 /home/zhaoxuyang/enc-db/ta_dev_kit/lib/libutils.a(memset.o)
 .debug_aranges
                0x0000000000000a70       0x30 /home/zhaoxuyang/enc-db/ta_dev_kit/lib/libutils.a(mempool.o)
 .debug_aranges
                0x0000000000000aa0       0x30 /home/zhaoxuyang/enc-db/ta_dev_kit/lib/libutils.a(consttime_memcmp.o)

.debug_ranges   0x0000000000000000     0x1e60
 .debug_ranges  0x0000000000000000       0x60 ./ops_ta.o
 .debug_ranges  0x0000000000000060       0x40 ./../enc_int_ops.o
 .debug_ranges  0x00000000000000a0       0xb0 ./../enc_ops.o
 .debug_ranges  0x0000000000000150       0x70 ./../enc_text_ops.o
 .debug_ranges  0x00000000000001c0       0x70 /home/zhaoxuyang/enc-db/ta_dev_kit/lib/libutils.a(trace.o)
 .debug_ranges  0x0000000000000230       0x30 /home/zhaoxuyang/enc-db/ta_dev_kit/lib/libutils.a(snprintk.o)
 .debug_ranges  0x0000000000000260      0x3b0 /home/zhaoxuyang/enc-db/ta_dev_kit/lib/libutee.a(utee_syscalls_a64.o)
 .debug_ranges  0x0000000000000610      0x180 /home/zhaoxuyang/enc-db/ta_dev_kit/lib/libutee.a(user_ta_entry.o)
 .debug_ranges  0x0000000000000790       0x20 /home/zhaoxuyang/enc-db/ta_dev_kit/lib/libutee.a(abort.o)
 .debug_ranges  0x00000000000007b0       0xa0 /home/zhaoxuyang/enc-db/ta_dev_kit/lib/libutee.a(tee_api.o)
 .debug_ranges  0x0000000000000850      0x580 /home/zhaoxuyang/enc-db/ta_dev_kit/lib/libutee.a(tee_api_arith_mpi.o)
 .debug_ranges  0x0000000000000dd0       0xb0 /home/zhaoxuyang/enc-db/ta_dev_kit/lib/libutee.a(tee_api_panic.o)
 .debug_ranges  0x0000000000000e80       0x40 /home/zhaoxuyang/enc-db/ta_dev_kit/lib/libutee.a(tee_system_pta.o)
 .debug_ranges  0x0000000000000ec0      0x3e0 /home/zhaoxuyang/enc-db/ta_dev_kit/lib/libmbedtls.a(bignum.o)
 .debug_ranges  0x00000000000012a0      0x170 /home/zhaoxuyang/enc-db/ta_dev_kit/lib/libmbedtls.a(gcm.o)
 .debug_ranges  0x0000000000001410      0x160 /home/zhaoxuyang/enc-db/ta_dev_kit/lib/libmbedtls.a(cipher.o)
 .debug_ranges  0x0000000000001570       0x30 /home/zhaoxuyang/enc-db/ta_dev_kit/lib/libmbedtls.a(des.o)
 .debug_ranges  0x00000000000015a0      0x8c0 /home/zhaoxuyang/enc-db/ta_dev_kit/lib/libutils.a(bget_malloc.o)

.debug_macro    0x0000000000000000    0x1c7d8
 .debug_macro   0x0000000000000000      0x1e6 ./ops_ta.o
 .debug_macro   0x00000000000001e6      0x9b2 ./ops_ta.o
 .debug_macro   0x0000000000000b98      0x16d ./ops_ta.o
 .debug_macro   0x0000000000000d05       0xed ./ops_ta.o
 .debug_macro   0x0000000000000df2      0x9b3 ./ops_ta.o
 .debug_macro   0x00000000000017a5       0x7c ./ops_ta.o
 .debug_macro   0x0000000000001821      0x1a7 ./ops_ta.o
 .debug_macro   0x00000000000019c8       0xc4 ./ops_ta.o
 .debug_macro   0x0000000000001a8c       0x22 ./ops_ta.o
 .debug_macro   0x0000000000001aae       0x35 ./ops_ta.o
 .debug_macro   0x0000000000001ae3       0x58 ./ops_ta.o
 .debug_macro   0x0000000000001b3b       0x34 ./ops_ta.o
 .debug_macro   0x0000000000001b6f       0x79 ./ops_ta.o
 .debug_macro   0x0000000000001be8       0x10 ./ops_ta.o
 .debug_macro   0x0000000000001bf8       0xd6 ./ops_ta.o
 .debug_macro   0x0000000000001cce       0x10 ./ops_ta.o
 .debug_macro   0x0000000000001cde      0x196 ./ops_ta.o
 .debug_macro   0x0000000000001e74       0x16 ./ops_ta.o
 .debug_macro   0x0000000000001e8a      0x100 ./ops_ta.o
 .debug_macro   0x0000000000001f8a       0x10 ./ops_ta.o
 .debug_macro   0x0000000000001f9a       0x2e ./ops_ta.o
 .debug_macro   0x0000000000001fc8       0xe1 ./ops_ta.o
 .debug_macro   0x00000000000020a9       0x16 ./ops_ta.o
 .debug_macro   0x00000000000020bf      0x12a ./ops_ta.o
 .debug_macro   0x00000000000021e9       0x11 ./ops_ta.o
 .debug_macro   0x00000000000021fa       0x1e ./ops_ta.o
 .debug_macro   0x0000000000002218       0x5a ./ops_ta.o
 .debug_macro   0x0000000000002272       0x22 ./ops_ta.o
 .debug_macro   0x0000000000002294       0x16 ./ops_ta.o
 .debug_macro   0x00000000000022aa      0x18b ./crypto.o
 .debug_macro   0x0000000000002435      0x9b2 ./crypto.o
 .debug_macro   0x0000000000002de7      0x123 ./../enc_float_ops.o
 .debug_macro   0x0000000000002f0a      0x9b2 ./../enc_float_ops.o
 .debug_macro   0x00000000000038bc      0x123 ./../enc_timestamp_ops.o
 .debug_macro   0x00000000000039df      0x9b2 ./../enc_timestamp_ops.o
 .debug_macro   0x0000000000004391      0x123 ./../enc_int_ops.o
 .debug_macro   0x00000000000044b4      0x9b2 ./../enc_int_ops.o
 .debug_macro   0x0000000000004e66      0x133 ./../enc_ops.o
 .debug_macro   0x0000000000004f99      0x9b2 ./../enc_ops.o
 .debug_macro   0x000000000000594b      0x123 ./../enc_text_ops.o
 .debug_macro   0x0000000000005a6e      0x9b2 ./../enc_text_ops.o
 .debug_macro   0x0000000000006420      0x15b ./user_ta_header.o
 .debug_macro   0x000000000000657b      0x9ac ./user_ta_header.o
 .debug_macro   0x0000000000006f27       0x76 ./user_ta_header.o
 .debug_macro   0x0000000000006f9d       0x2e ./user_ta_header.o
 .debug_macro   0x0000000000006fcb       0x23 /home/zhaoxuyang/enc-db/ta_dev_kit/lib/libutils.a(stack_check.o)
 .debug_macro   0x0000000000006fee      0x946 /home/zhaoxuyang/enc-db/ta_dev_kit/lib/libutils.a(stack_check.o)
 .debug_macro   0x0000000000007934      0x465 /home/zhaoxuyang/enc-db/ta_dev_kit/lib/libutils.a(stack_check.o)
 .debug_macro   0x0000000000007d99       0x57 /home/zhaoxuyang/enc-db/ta_dev_kit/lib/libutils.a(memcpy.o)
 .debug_macro   0x0000000000007df0      0x940 /home/zhaoxuyang/enc-db/ta_dev_kit/lib/libutils.a(memcpy.o)
 .debug_macro   0x0000000000008730       0x7c /home/zhaoxuyang/enc-db/ta_dev_kit/lib/libutils.a(memcpy.o)
 .debug_macro   0x00000000000087ac       0x54 /home/zhaoxuyang/enc-db/ta_dev_kit/lib/libutils.a(strcmp.o)
 .debug_macro   0x0000000000008800      0x946 /home/zhaoxuyang/enc-db/ta_dev_kit/lib/libutils.a(strcmp.o)
 .debug_macro   0x0000000000009146       0x5a /home/zhaoxuyang/enc-db/ta_dev_kit/lib/libutils.a(strlen.o)
 .debug_macro   0x00000000000091a0      0x946 /home/zhaoxuyang/enc-db/ta_dev_kit/lib/libutils.a(strlen.o)
 .debug_macro   0x0000000000009ae6       0xd6 /home/zhaoxuyang/enc-db/ta_dev_kit/lib/libutils.a(trace.o)
 .debug_macro   0x0000000000009bbc      0x946 /home/zhaoxuyang/enc-db/ta_dev_kit/lib/libutils.a(trace.o)
 .debug_macro   0x000000000000a502       0x78 /home/zhaoxuyang/enc-db/ta_dev_kit/lib/libutils.a(trace.o)
 .debug_macro   0x000000000000a57a       0xdb /home/zhaoxuyang/enc-db/ta_dev_kit/lib/libutils.a(trace.o)
 .debug_macro   0x000000000000a655       0x2e /home/zhaoxuyang/enc-db/ta_dev_kit/lib/libutils.a(trace.o)
 .debug_macro   0x000000000000a683      0x13d /home/zhaoxuyang/enc-db/ta_dev_kit/lib/libutils.a(snprintk.o)
 .debug_macro   0x000000000000a7c0      0x946 /home/zhaoxuyang/enc-db/ta_dev_kit/lib/libutils.a(snprintk.o)
 .debug_macro   0x000000000000b106       0x66 /home/zhaoxuyang/enc-db/ta_dev_kit/lib/libutils.a(memchr.o)
 .debug_macro   0x000000000000b16c      0x946 /home/zhaoxuyang/enc-db/ta_dev_kit/lib/libutils.a(memchr.o)
 .debug_macro   0x000000000000bab2      0x106 /home/zhaoxuyang/enc-db/ta_dev_kit/lib/libutee.a(assert.o)
 .debug_macro   0x000000000000bbb8      0x946 /home/zhaoxuyang/enc-db/ta_dev_kit/lib/libutee.a(assert.o)
 .debug_macro   0x000000000000c4fe       0x10 /home/zhaoxuyang/enc-db/ta_dev_kit/lib/libutee.a(assert.o)
 .debug_macro   0x000000000000c50e       0xf1 /home/zhaoxuyang/enc-db/ta_dev_kit/lib/libutee.a(trace_ext.o)
 .debug_macro   0x000000000000c5ff      0x946 /home/zhaoxuyang/enc-db/ta_dev_kit/lib/libutee.a(trace_ext.o)
 .debug_macro   0x000000000000cf45      0x1d6 /home/zhaoxuyang/enc-db/ta_dev_kit/lib/libutee.a(user_ta_entry.o)
 .debug_macro   0x000000000000d11b      0x946 /home/zhaoxuyang/enc-db/ta_dev_kit/lib/libutee.a(user_ta_entry.o)
 .debug_macro   0x000000000000da61     0x1570 /home/zhaoxuyang/enc-db/ta_dev_kit/lib/libutee.a(user_ta_entry.o)
 .debug_macro   0x000000000000efd1       0x5f /home/zhaoxuyang/enc-db/ta_dev_kit/lib/libutee.a(user_ta_entry.o)
 .debug_macro   0x000000000000f030       0x33 /home/zhaoxuyang/enc-db/ta_dev_kit/lib/libutee.a(user_ta_entry.o)
 .debug_macro   0x000000000000f063      0x2e2 /home/zhaoxuyang/enc-db/ta_dev_kit/lib/libutee.a(user_ta_entry.o)
 .debug_macro   0x000000000000f345       0x34 /home/zhaoxuyang/enc-db/ta_dev_kit/lib/libutee.a(user_ta_entry.o)
 .debug_macro   0x000000000000f379      0x11d /home/zhaoxuyang/enc-db/ta_dev_kit/lib/libutee.a(abort.o)
 .debug_macro   0x000000000000f496      0x946 /home/zhaoxuyang/enc-db/ta_dev_kit/lib/libutee.a(abort.o)
 .debug_macro   0x000000000000fddc      0x17d /home/zhaoxuyang/enc-db/ta_dev_kit/lib/libutee.a(tee_api.o)
 .debug_macro   0x000000000000ff59      0x946 /home/zhaoxuyang/enc-db/ta_dev_kit/lib/libutee.a(tee_api.o)
 .debug_macro   0x000000000001089f      0x1b1 /home/zhaoxuyang/enc-db/ta_dev_kit/lib/libutee.a(tee_api_arith_mpi.o)
 .debug_macro   0x0000000000010a50      0x946 /home/zhaoxuyang/enc-db/ta_dev_kit/lib/libutee.a(tee_api_arith_mpi.o)
 .debug_macro   0x0000000000011396       0x79 /home/zhaoxuyang/enc-db/ta_dev_kit/lib/libutee.a(tee_api_arith_mpi.o)
 .debug_macro   0x000000000001140f      0x1e9 /home/zhaoxuyang/enc-db/ta_dev_kit/lib/libutee.a(tee_api_arith_mpi.o)
 .debug_macro   0x00000000000115f8      0x108 /home/zhaoxuyang/enc-db/ta_dev_kit/lib/libutee.a(tee_api_panic.o)
 .debug_macro   0x0000000000011700      0x946 /home/zhaoxuyang/enc-db/ta_dev_kit/lib/libutee.a(tee_api_panic.o)
 .debug_macro   0x0000000000012046       0x28 /home/zhaoxuyang/enc-db/ta_dev_kit/lib/libutee.a(tee_api_panic.o)
 .debug_macro   0x000000000001206e      0x13b /home/zhaoxuyang/enc-db/ta_dev_kit/lib/libutee.a(tee_system_pta.o)
 .debug_macro   0x00000000000121a9      0x946 /home/zhaoxuyang/enc-db/ta_dev_kit/lib/libutee.a(tee_system_pta.o)
 .debug_macro   0x0000000000012aef       0x89 /home/zhaoxuyang/enc-db/ta_dev_kit/lib/libutee.a(tee_system_pta.o)
 .debug_macro   0x0000000000012b78      0x189 /home/zhaoxuyang/enc-db/ta_dev_kit/lib/libutee.a(tcb.o)
 .debug_macro   0x0000000000012d01      0x946 /home/zhaoxuyang/enc-db/ta_dev_kit/lib/libutee.a(tcb.o)
 .debug_macro   0x0000000000013647      0x1b5 /home/zhaoxuyang/enc-db/ta_dev_kit/lib/libmbedtls.a(bignum.o)
 .debug_macro   0x00000000000137fc      0x946 /home/zhaoxuyang/enc-db/ta_dev_kit/lib/libmbedtls.a(bignum.o)
 .debug_macro   0x0000000000014142       0x19 /home/zhaoxuyang/enc-db/ta_dev_kit/lib/libmbedtls.a(bignum.o)
 .debug_macro   0x000000000001415b       0x10 /home/zhaoxuyang/enc-db/ta_dev_kit/lib/libmbedtls.a(bignum.o)
 .debug_macro   0x000000000001416b       0x10 /home/zhaoxuyang/enc-db/ta_dev_kit/lib/libmbedtls.a(bignum.o)
 .debug_macro   0x000000000001417b      0x1b6 /home/zhaoxuyang/enc-db/ta_dev_kit/lib/libmbedtls.a(gcm.o)
 .debug_macro   0x0000000000014331      0x946 /home/zhaoxuyang/enc-db/ta_dev_kit/lib/libmbedtls.a(gcm.o)
 .debug_macro   0x0000000000014c77       0x3c /home/zhaoxuyang/enc-db/ta_dev_kit/lib/libmbedtls.a(gcm.o)
 .debug_macro   0x0000000000014cb3       0x10 /home/zhaoxuyang/enc-db/ta_dev_kit/lib/libmbedtls.a(gcm.o)
 .debug_macro   0x0000000000014cc3       0x7f /home/zhaoxuyang/enc-db/ta_dev_kit/lib/libmbedtls.a(gcm.o)
 .debug_macro   0x0000000000014d42      0x14e /home/zhaoxuyang/enc-db/ta_dev_kit/lib/libmbedtls.a(platform_util.o)
 .debug_macro   0x0000000000014e90      0x946 /home/zhaoxuyang/enc-db/ta_dev_kit/lib/libmbedtls.a(platform_util.o)
 .debug_macro   0x00000000000157d6       0x16 /home/zhaoxuyang/enc-db/ta_dev_kit/lib/libmbedtls.a(platform_util.o)
 .debug_macro   0x00000000000157ec      0x15b /home/zhaoxuyang/enc-db/ta_dev_kit/lib/libmbedtls.a(cipher.o)
 .debug_macro   0x0000000000015947      0x946 /home/zhaoxuyang/enc-db/ta_dev_kit/lib/libmbedtls.a(cipher.o)
 .debug_macro   0x000000000001628d      0x18c /home/zhaoxuyang/enc-db/ta_dev_kit/lib/libmbedtls.a(cipher_wrap.o)
 .debug_macro   0x0000000000016419      0x946 /home/zhaoxuyang/enc-db/ta_dev_kit/lib/libmbedtls.a(cipher_wrap.o)
 .debug_macro   0x0000000000016d5f       0x22 /home/zhaoxuyang/enc-db/ta_dev_kit/lib/libmbedtls.a(cipher_wrap.o)
 .debug_macro   0x0000000000016d81       0xe0 /home/zhaoxuyang/enc-db/ta_dev_kit/lib/libmbedtls.a(des.o)
 .debug_macro   0x0000000000016e61      0x946 /home/zhaoxuyang/enc-db/ta_dev_kit/lib/libmbedtls.a(des.o)
 .debug_macro   0x00000000000177a7      0x1e3 /home/zhaoxuyang/enc-db/ta_dev_kit/lib/libmbedtls.a(aes.o)
 .debug_macro   0x000000000001798a      0x946 /home/zhaoxuyang/enc-db/ta_dev_kit/lib/libmbedtls.a(aes.o)
 .debug_macro   0x00000000000182d0      0x153 /home/zhaoxuyang/enc-db/ta_dev_kit/lib/libutils.a(bget_malloc.o)
 .debug_macro   0x0000000000018423      0x946 /home/zhaoxuyang/enc-db/ta_dev_kit/lib/libutils.a(bget_malloc.o)
 .debug_macro   0x0000000000018d69       0x10 /home/zhaoxuyang/enc-db/ta_dev_kit/lib/libutils.a(bget_malloc.o)
 .debug_macro   0x0000000000018d79       0x3c /home/zhaoxuyang/enc-db/ta_dev_kit/lib/libutils.a(bget_malloc.o)
 .debug_macro   0x0000000000018db5       0x4d /home/zhaoxuyang/enc-db/ta_dev_kit/lib/libutils.a(snprintf.o)
 .debug_macro   0x0000000000018e02      0x946 /home/zhaoxuyang/enc-db/ta_dev_kit/lib/libutils.a(snprintf.o)
 .debug_macro   0x0000000000019748       0x51 /home/zhaoxuyang/enc-db/ta_dev_kit/lib/libutils.a(memcmp.o)
 .debug_macro   0x0000000000019799      0x946 /home/zhaoxuyang/enc-db/ta_dev_kit/lib/libutils.a(memcmp.o)
 .debug_macro   0x000000000001a0df       0x64 /home/zhaoxuyang/enc-db/ta_dev_kit/lib/libutils.a(memmove.o)
 .debug_macro   0x000000000001a143      0x946 /home/zhaoxuyang/enc-db/ta_dev_kit/lib/libutils.a(memmove.o)
 .debug_macro   0x000000000001aa89       0x51 /home/zhaoxuyang/enc-db/ta_dev_kit/lib/libutils.a(memset.o)
 .debug_macro   0x000000000001aada      0x946 /home/zhaoxuyang/enc-db/ta_dev_kit/lib/libutils.a(memset.o)
 .debug_macro   0x000000000001b420       0xed /home/zhaoxuyang/enc-db/ta_dev_kit/lib/libutils.a(mempool.o)
 .debug_macro   0x000000000001b50d      0x946 /home/zhaoxuyang/enc-db/ta_dev_kit/lib/libutils.a(mempool.o)
 .debug_macro   0x000000000001be53       0x3f /home/zhaoxuyang/enc-db/ta_dev_kit/lib/libutils.a(consttime_memcmp.o)
 .debug_macro   0x000000000001be92      0x946 /home/zhaoxuyang/enc-db/ta_dev_kit/lib/libutils.a(consttime_memcmp.o)

.debug_line     0x0000000000000000    0x1276d
 .debug_line    0x0000000000000000      0x6a1 ./ops_ta.o
 .debug_line    0x00000000000006a1      0x4e6 ./crypto.o
 .debug_line    0x0000000000000b87      0x3d0 ./../enc_float_ops.o
 .debug_line    0x0000000000000f57      0x2cc ./../enc_timestamp_ops.o
 .debug_line    0x0000000000001223      0x41c ./../enc_int_ops.o
 .debug_line    0x000000000000163f      0x3b5 ./../enc_ops.o
 .debug_line    0x00000000000019f4      0x583 ./../enc_text_ops.o
 .debug_line    0x0000000000001f77      0x2d5 ./user_ta_header.o
 .debug_line    0x000000000000224c       0xb7 /home/zhaoxuyang/enc-db/ta_dev_kit/lib/libutils.a(stack_check.o)
 .debug_line    0x0000000000002303      0x217 /home/zhaoxuyang/enc-db/ta_dev_kit/lib/libutils.a(memcpy.o)
 .debug_line    0x000000000000251a      0x17c /home/zhaoxuyang/enc-db/ta_dev_kit/lib/libutils.a(strcmp.o)
 .debug_line    0x0000000000002696      0x177 /home/zhaoxuyang/enc-db/ta_dev_kit/lib/libutils.a(strlen.o)
 .debug_line    0x000000000000280d      0x3d5 /home/zhaoxuyang/enc-db/ta_dev_kit/lib/libutils.a(trace.o)
 .debug_line    0x0000000000002be2      0x92d /home/zhaoxuyang/enc-db/ta_dev_kit/lib/libutils.a(snprintk.o)
 .debug_line    0x000000000000350f      0x186 /home/zhaoxuyang/enc-db/ta_dev_kit/lib/libutils.a(memchr.o)
 .debug_line    0x0000000000003695      0x2ae /home/zhaoxuyang/enc-db/ta_dev_kit/lib/libutee.a(assert.o)
 .debug_line    0x0000000000003943      0x2f6 /home/zhaoxuyang/enc-db/ta_dev_kit/lib/libutee.a(trace_ext.o)
 .debug_line    0x0000000000003c39      0x528 /home/zhaoxuyang/enc-db/ta_dev_kit/lib/libutee.a(utee_syscalls_a64.o)